Component: Arm Compiler for Embedded 6.19 Tool: armlink [5e73cb00]

==============================================================================

Section Cross References

    startup_stm32l073xx.o(STACK) refers (Special) to heapauxi.o(.text) for __use_two_region_memory
    startup_stm32l073xx.o(HEAP) refers (Special) to heapauxi.o(.text) for __use_two_region_memory
    startup_stm32l073xx.o(RESET) refers (Special) to heapauxi.o(.text) for __use_two_region_memory
    startup_stm32l073xx.o(RESET) refers to startup_stm32l073xx.o(STACK) for __initial_sp
    startup_stm32l073xx.o(RESET) refers to startup_stm32l073xx.o(.text) for Reset_Handler
    startup_stm32l073xx.o(RESET) refers to stm32l0xx_it.o(.text.NMI_Handler) for NMI_Handler
    startup_stm32l073xx.o(RESET) refers to stm32l0xx_it.o(.text.HardFault_Handler) for HardFault_Handler
    startup_stm32l073xx.o(RESET) refers to stm32l0xx_it.o(.text.SVC_Handler) for SVC_Handler
    startup_stm32l073xx.o(RESET) refers to stm32l0xx_it.o(.text.PendSV_Handler) for PendSV_Handler
    startup_stm32l073xx.o(RESET) refers to stm32l0xx_it.o(.text.SysTick_Handler) for SysTick_Handler
    startup_stm32l073xx.o(.text) refers (Special) to heapauxi.o(.text) for __use_two_region_memory
    startup_stm32l073xx.o(.text) refers to system_stm32l0xx.o(.text.SystemInit) for SystemInit
    startup_stm32l073xx.o(.text) refers to __main.o(!!!main) for __main
    startup_stm32l073xx.o(.text) refers to startup_stm32l073xx.o(HEAP) for Heap_Mem
    startup_stm32l073xx.o(.text) refers to startup_stm32l073xx.o(STACK) for Stack_Mem
    main.o(.text) refers (Special) to _printf_percent.o(.ARM.Collect$$_printf_percent$$00000000) for _printf_percent
    main.o(.text) refers (Special) to _printf_f.o(.ARM.Collect$$_printf_percent$$00000003) for _printf_f
    main.o(.text) refers (Special) to printf1.o(x$fpl$printf1) for _printf_fp_dec
    main.o(.text.getPress) refers (Special) to _printf_percent.o(.ARM.Collect$$_printf_percent$$00000000) for _printf_percent
    main.o(.text.getPress) refers (Special) to _printf_f.o(.ARM.Collect$$_printf_percent$$00000003) for _printf_f
    main.o(.text.getPress) refers (Special) to printf1.o(x$fpl$printf1) for _printf_fp_dec
    main.o(.text.getPress) refers to bmp180.o(.text.BMP180_GetTemp) for BMP180_GetTemp
    main.o(.text.getPress) refers to bmp180.o(.text.BMP180_GetPress) for BMP180_GetPress
    main.o(.text.getPress) refers to fdiv.o(.text) for __aeabi_fdiv
    main.o(.text.getPress) refers to faddsub.o(x$fpl$fadd) for __aeabi_fadd
    main.o(.text.getPress) refers to fflti.o(.text) for __aeabi_i2f
    main.o(.text.getPress) refers to f2d.o(.text) for __aeabi_f2d
    main.o(.text.getPress) refers to dcmp.o(i._dgeq) for __aeabi_dcmpge
    main.o(.text.getPress) refers to ssd1306.o(.text.SSD1306_Fill) for SSD1306_Fill
    main.o(.text.getPress) refers to ssd1306.o(.text.SSD1306_GotoXY) for SSD1306_GotoXY
    main.o(.text.getPress) refers to dcmp.o(i._dleq) for __aeabi_dcmple
    main.o(.text.getPress) refers to ssd1306.o(.text.SSD1306_Puts) for SSD1306_Puts
    main.o(.text.getPress) refers to ssd1306.o(.text.SSD1306_UpdateScreen) for SSD1306_UpdateScreen
    main.o(.text.getPress) refers to noretval__2snprintf.o(.text) for __2snprintf
    main.o(.text.getPress) refers to stm32l0xx_hal.o(.text.HAL_Delay) for HAL_Delay
    main.o(.text.getPress) refers to main.o(.bss..L_MergedGlobals) for [Anonymous Symbol]
    main.o(.text.getPress) refers to fonts.o(.data.Font_11x18) for Font_11x18
    main.o(.ARM.exidx.text.getPress) refers (Special) to _printf_percent.o(.ARM.Collect$$_printf_percent$$00000000) for _printf_percent
    main.o(.ARM.exidx.text.getPress) refers (Special) to _printf_f.o(.ARM.Collect$$_printf_percent$$00000003) for _printf_f
    main.o(.ARM.exidx.text.getPress) refers (Special) to printf1.o(x$fpl$printf1) for _printf_fp_dec
    main.o(.ARM.exidx.text.getPress) refers to main.o(.text.getPress) for [Anonymous Symbol]
    main.o(.text.main) refers (Special) to _printf_percent.o(.ARM.Collect$$_printf_percent$$00000000) for _printf_percent
    main.o(.text.main) refers (Special) to _printf_f.o(.ARM.Collect$$_printf_percent$$00000003) for _printf_f
    main.o(.text.main) refers (Special) to printf1.o(x$fpl$printf1) for _printf_fp_dec
    main.o(.text.main) refers to stm32l0xx_hal.o(.text.HAL_Init) for HAL_Init
    main.o(.text.main) refers to rt_memclr.o(.text) for __aeabi_memclr4
    main.o(.text.main) refers to stm32l0xx_hal_rcc.o(.text.HAL_RCC_OscConfig) for HAL_RCC_OscConfig
    main.o(.text.main) refers to stm32l0xx_hal_rcc.o(.text.HAL_RCC_ClockConfig) for HAL_RCC_ClockConfig
    main.o(.text.main) refers to stm32l0xx_hal_rcc_ex.o(.text.HAL_RCCEx_PeriphCLKConfig) for HAL_RCCEx_PeriphCLKConfig
    main.o(.text.main) refers to stm32l0xx_hal_i2c.o(.text.HAL_I2C_Init) for HAL_I2C_Init
    main.o(.text.main) refers to stm32l0xx_hal_i2c_ex.o(.text.HAL_I2CEx_ConfigAnalogFilter) for HAL_I2CEx_ConfigAnalogFilter
[...]
    stm32l0xx_hal_tim.c                      0x00000000   Number         0  stm32l0xx_hal_tim.o ABSOLUTE
    stm32l0xx_hal_tim_ex.c                   0x00000000   Number         0  stm32l0xx_hal_tim_ex.o ABSOLUTE
    stm32l0xx_it.c                           0x00000000   Number         0  stm32l0xx_it.o ABSOLUTE
    system_stm32l0xx.c                       0x00000000   Number         0  system_stm32l0xx.o ABSOLUTE
    RESET                                    0x08000000   Section      192  startup_stm32l073xx.o(RESET)
    !!!main                                  0x080000c0   Section        8  __main.o(!!!main)
    !!!scatter                               0x080000c8   Section       60  __scatter.o(!!!scatter)
    !!handler_copy                           0x08000104   Section       26  __scatter_copy.o(!!handler_copy)
    !!handler_zi                             0x08000120   Section       28  __scatter_zi.o(!!handler_zi)
    .ARM.Collect$$_printf_percent$$00000000  0x0800013c   Section        2  _printf_percent.o(.ARM.Collect$$_printf_percent$$00000000)
    .ARM.Collect$$_printf_percent$$00000003  0x0800013e   Section       10  _printf_f.o(.ARM.Collect$$_printf_percent$$00000003)
    .ARM.Collect$$_printf_percent$$00000017  0x08000148   Section        4  _printf_percent_end.o(.ARM.Collect$$_printf_percent$$00000017)
    .ARM.Collect$$libinit$$00000000          0x0800014c   Section        2  libinit.o(.ARM.Collect$$libinit$$00000000)
    .ARM.Collect$$libinit$$00000002          0x0800014e   Section        0  libinit2.o(.ARM.Collect$$libinit$$00000002)
    .ARM.Collect$$libinit$$00000004          0x0800014e   Section        0  libinit2.o(.ARM.Collect$$libinit$$00000004)
    .ARM.Collect$$libinit$$00000006          0x0800014e   Section        0  libinit2.o(.ARM.Collect$$libinit$$00000006)
    .ARM.Collect$$libinit$$0000000C          0x0800014e   Section        0  libinit2.o(.ARM.Collect$$libinit$$0000000C)
    .ARM.Collect$$libinit$$0000000E          0x0800014e   Section        0  libinit2.o(.ARM.Collect$$libinit$$0000000E)
    .ARM.Collect$$libinit$$00000010          0x0800014e   Section        0  libinit2.o(.ARM.Collect$$libinit$$00000010)
    .ARM.Collect$$libinit$$00000011          0x0800014e   Section        6  libinit2.o(.ARM.Collect$$libinit$$00000011)
    .ARM.Collect$$libinit$$00000013          0x08000154   Section        0  libinit2.o(.ARM.Collect$$libinit$$00000013)
    .ARM.Collect$$libinit$$00000015          0x08000154   Section        0  libinit2.o(.ARM.Collect$$libinit$$00000015)
    .ARM.Collect$$libinit$$00000017          0x08000154   Section        0  libinit2.o(.ARM.Collect$$libinit$$00000017)
    .ARM.Collect$$libinit$$00000018          0x08000154   Section       10  libinit2.o(.ARM.Collect$$libinit$$00000018)
    .ARM.Collect$$libinit$$00000019          0x0800015e   Section        0  libinit2.o(.ARM.Collect$$libinit$$00000019)
    .ARM.Collect$$libinit$$0000001B          0x0800015e   Section        0  libinit2.o(.ARM.Collect$$libinit$$0000001B)
    .ARM.Collect$$libinit$$0000001D          0x0800015e   Section        0  libinit2.o(.ARM.Collect$$libinit$$0000001D)
    .ARM.Collect$$libinit$$0000001F          0x0800015e   Section        0  libinit2.o(.ARM.Collect$$libinit$$0000001F)
    .ARM.Collect$$libinit$$00000021          0x0800015e   Section        0  libinit2.o(.ARM.Collect$$libinit$$00000021)
    .ARM.Collect$$libinit$$00000023          0x0800015e   Section        0  libinit2.o(.ARM.Collect$$libinit$$00000023)
    .ARM.Collect$$libinit$$00000025          0x0800015e   Section        0  libinit2.o(.ARM.Collect$$libinit$$00000025)
    .ARM.Collect$$libinit$$00000027          0x0800015e   Section        0  libinit2.o(.ARM.Collect$$libinit$$00000027)
    .ARM.Collect$$libinit$$0000002E          0x0800015e   Section        0  libinit2.o(.ARM.Collect$$libinit$$0000002E)
    .ARM.Collect$$libinit$$00000030          0x0800015e   Section        0  libinit2.o(.ARM.Collect$$libinit$$00000030)
    .ARM.Collect$$libinit$$00000032          0x0800015e   Section        0  libinit2.o(.ARM.Collect$$libinit$$00000032)
    .ARM.Collect$$libinit$$00000034          0x0800015e   Section        0  libinit2.o(.ARM.Collect$$libinit$$00000034)
    .ARM.Collect$$libinit$$00000035          0x0800015e   Section        2  libinit2.o(.ARM.Collect$$libinit$$00000035)
    .ARM.Collect$$libshutdown$$00000000      0x08000160   Section        2  libshutdown.o(.ARM.Collect$$libshutdown$$00000000)
    .ARM.Collect$$libshutdown$$00000002      0x08000162   Section        0  libshutdown2.o(.ARM.Collect$$libshutdown$$00000002)
    .ARM.Collect$$libshutdown$$00000004      0x08000162   Section        0  libshutdown2.o(.ARM.Collect$$libshutdown$$00000004)
    .ARM.Collect$$libshutdown$$00000007      0x08000162   Section        0  libshutdown2.o(.ARM.Collect$$libshutdown$$00000007)
    .ARM.Collect$$libshutdown$$0000000A      0x08000162   Section        0  libshutdown2.o(.ARM.Collect$$libshutdown$$0000000A)
    .ARM.Collect$$libshutdown$$0000000C      0x08000162   Section        0  libshutdown2.o(.ARM.Collect$$libshutdown$$0000000C)
    .ARM.Collect$$libshutdown$$0000000F      0x08000162   Section        0  libshutdown2.o(.ARM.Collect$$libshutdown$$0000000F)
    .ARM.Collect$$libshutdown$$00000010      0x08000162   Section        2  libshutdown2.o(.ARM.Collect$$libshutdown$$00000010)
    .ARM.Collect$$rtentry$$00000000          0x08000164   Section        0  __rtentry.o(.ARM.Collect$$rtentry$$00000000)
    .ARM.Collect$$rtentry$$00000002          0x08000164   Section        0  __rtentry2.o(.ARM.Collect$$rtentry$$00000002)
    .ARM.Collect$$rtentry$$00000004          0x08000164   Section        6  __rtentry4.o(.ARM.Collect$$rtentry$$00000004)
    .ARM.Collect$$rtentry$$00000009          0x0800016a   Section        0  __rtentry2.o(.ARM.Collect$$rtentry$$00000009)
    .ARM.Collect$$rtentry$$0000000A          0x0800016a   Section        4  __rtentry2.o(.ARM.Collect$$rtentry$$0000000A)
    .ARM.Collect$$rtentry$$0000000C          0x0800016e   Section        0  __rtentry2.o(.ARM.Collect$$rtentry$$0000000C)
    .ARM.Collect$$rtentry$$0000000D          0x0800016e   Section        8  __rtentry2.o(.ARM.Collect$$rtentry$$0000000D)
    .ARM.Collect$$rtexit$$00000000           0x08000176   Section        2  rtexit.o(.ARM.Collect$$rtexit$$00000000)
    .ARM.Collect$$rtexit$$00000002           0x08000178   Section        0  rtexit2.o(.ARM.Collect$$rtexit$$00000002)
    .ARM.Collect$$rtexit$$00000003           0x08000178   Section        4  rtexit2.o(.ARM.Collect$$rtexit$$00000003)
    .ARM.Collect$$rtexit$$00000004           0x0800017c   Section        6  rtexit2.o(.ARM.Collect$$rtexit$$00000004)
    .emb_text                                0x08000184   Section       56  rt_memcpy.o(.emb_text)
    .text                                    0x080001bc   Section       56  startup_stm32l073xx.o(.text)
    .text                                    0x080001f4   Section        0  noretval__2snprintf.o(.text)
    .text                                    0x08000234   Section        0  __printf_wp.o(.text)
    .text                                    0x08000342   Section        0  rt_memcpy.o(.text)
    .text                                    0x080003c4   Section        0  aeabi_memset4.o(.text)
    .text                                    0x080003d6   Section        0  rt_memclr.o(.text)
    .text                                    0x08000418   Section      504  aeabi_sdivfast.o(.text)
    .text                                    0x08000610   Section        0  heapauxi.o(.text)
    .text                                    0x08000618   Section        0  d2f.o(.text)
    _dadd1                                   0x08000695   Thumb Code   290  daddsub.o(.text)
    .text                                    0x08000694   Section        0  daddsub.o(.text)
    _dsub1                                   0x080007b7   Thumb Code   470  daddsub.o(.text)
    .text                                    0x080009ec   Section        0  ddiv.o(.text)
    .text                                    0x08000e34   Section        0  dfixi.o(.text)
    .text                                    0x08000ea0   Section        0  dfixui.o(.text)
    .text                                    0x08000ee8   Section        0  dflti.o(.text)
    .text                                    0x08000f40   Section        0  dmul.o(.text)
    .text                                    0x08001188   Section        0  f2d.o(.text)
    .text                                    0x080011dc   Section        0  fdiv.o(.text)
    .text                                    0x0800133c   Section        0  fflti.o(.text)
    _fp_digits                               0x0800139d   Thumb Code   412  _printf_fp_dec.o(.text)
    .text                                    0x0800139c   Section        0  _printf_fp_dec.o(.text)
    _printf_input_char                       0x080017b1   Thumb Code    10  _printf_char_common.o(.text)
    .text                                    0x080017b0   Section        0  _printf_char_common.o(.text)
    .text                                    0x080017e0   Section        0  _snputc.o(.text)
    .text                                    0x080017f0   Section        8  rt_locale_intlibspace.o(.text)
    .text                                    0x080017f8   Section        0  lludiv10.o(.text)
    .text                                    0x08001874   Section        0  _printf_fp_infnan.o(.text)
    .text                                    0x080018fc   Section        0  bigflt0.o(.text)
    .text                                    0x080019d4   Section        0  btod.o(.text)
    btod_internal_mul                        0x08001a15   Thumb Code   492  btod.o(.text)
    btod_internal_div                        0x08001c01   Thumb Code   520  btod.o(.text)
    .text                                    0x08001f54   Section        0  rtudiv10.o(.text)
    .text                                    0x08001f7c   Section        0  dcmpin.o(.text)
    .text                                    0x0800201c   Section        8  libspace.o(.text)
    .text                                    0x08002024   Section       62  sys_stackheap_outer.o(.text)
    .text                                    0x08002062   Section        0  exit.o(.text)
    .text                                    0x08002074   Section      176  strcmpv6m.o(.text)
    .text                                    0x08002124   Section        0  cmpret.o(.text)
    .text                                    0x08002154   Section        0  dnan2.o(.text)
    .text                                    0x08002168   Section        0  retnan.o(.text)
    .text                                    0x080021c8   Section        0  sys_exit.o(.text)
    .text                                    0x080021d4   Section        2  use_no_semi.o(.text)
    .text                                    0x080021d6   Section        0  indicate_semi.o(.text)
    [Anonymous Symbol]                       0x080021d8   Section        0  bmp180.o(.text.BMP180_GetPress)
    __arm_cp.4_2                             0x080023d4   Number         4  bmp180.o(.text.BMP180_GetPress)
    __arm_cp.4_3                             0x080023d8   Number         4  bmp180.o(.text.BMP180_GetPress)
    __arm_cp.4_4                             0x080023dc   Number         4  bmp180.o(.text.BMP180_GetPress)
    __arm_cp.4_5                             0x080023e0   Number         4  bmp180.o(.text.BMP180_GetPress)
    __arm_cp.4_6                             0x080023e4   Number         4  bmp180.o(.text.BMP180_GetPress)
    __arm_cp.4_7                             0x080023e8   Number         4  bmp180.o(.text.BMP180_GetPress)
    __arm_cp.4_8                             0x080023ec   Number         4  bmp180.o(.text.BMP180_GetPress)
    __arm_cp.4_9                             0x080023f0   Number         4  bmp180.o(.text.BMP180_GetPress)
    __arm_cp.4_10                            0x080023f4   Number         4  bmp180.o(.text.BMP180_GetPress)
    __arm_cp.4_11                            0x080023f8   Number         4  bmp180.o(.text.BMP180_GetPress)
    [Anonymous Symbol]                       0x080023fc   Section        0  bmp180.o(.text.BMP180_GetTemp)
    __arm_cp.2_2                             0x080024d4   Number         4  bmp180.o(.text.BMP180_GetTemp)
    __arm_cp.2_3                             0x080024d8   Number         4  bmp180.o(.text.BMP180_GetTemp)
    __arm_cp.2_4                             0x080024dc   Number         4  bmp180.o(.text.BMP180_GetTemp)
    [Anonymous Symbol]                       0x080024e0   Section        0  bmp180.o(.text.BMP180_Start)
    __arm_cp.6_1                             0x08002554   Number         4  bmp180.o(.text.BMP180_Start)
    [Anonymous Symbol]                       0x08002558   Section        0  bmp180.o(.text.Get_UPress)
    __arm_cp.3_0                             0x080025c0   Number         4  bmp180.o(.text.Get_UPress)
    [Anonymous Symbol]                       0x080025d4   Section        0  stm32l0xx_hal.o(.text.HAL_Delay)
    __arm_cp.10_0                            0x080025f4   Number         4  stm32l0xx_hal.o(.text.HAL_Delay)
    [Anonymous Symbol]                       0x080025f8   Section        0  stm32l0xx_hal_gpio.o(.text.HAL_GPIO_Init)
    __arm_cp.0_0                             0x0800277c   Number         4  stm32l0xx_hal_gpio.o(.text.HAL_GPIO_Init)
    __arm_cp.0_1                             0x08002780   Number         4  stm32l0xx_hal_gpio.o(.text.HAL_GPIO_Init)
    __arm_cp.0_2                             0x08002784   Number         4  stm32l0xx_hal_gpio.o(.text.HAL_GPIO_Init)
    __arm_cp.0_3                             0x08002788   Number         4  stm32l0xx_hal_gpio.o(.text.HAL_GPIO_Init)
    [Anonymous Symbol]                       0x0800278c   Section        0  stm32l0xx_hal.o(.text.HAL_GetTick)
    __arm_cp.6_0                             0x08002794   Number         4  stm32l0xx_hal.o(.text.HAL_GetTick)
    [Anonymous Symbol]                       0x08002798   Section        0  stm32l0xx_hal_i2c_ex.o(.text.HAL_I2CEx_ConfigAnalogFilter)
    [Anonymous Symbol]                       0x080027da   Section        0  stm32l0xx_hal_i2c_ex.o(.text.HAL_I2CEx_ConfigDigitalFilter)
    [Anonymous Symbol]                       0x0800281c   Section        0  stm32l0xx_hal_i2c.o(.text.HAL_I2C_Init)
    __arm_cp.0_0                             0x080028bc   Number         4  stm32l0xx_hal_i2c.o(.text.HAL_I2C_Init)
    __arm_cp.0_1                             0x080028c0   Number         4  stm32l0xx_hal_i2c.o(.text.HAL_I2C_Init)
    [Anonymous Symbol]                       0x080028c4   Section        0  stm32l0xx_hal_i2c.o(.text.HAL_I2C_IsDeviceReady)
    __arm_cp.38_2                            0x08002a34   Number         4  stm32l0xx_hal_i2c.o(.text.HAL_I2C_IsDeviceReady)
    [Anonymous Symbol]                       0x08002a38   Section        0  stm32l0xx_hal_i2c.o(.text.HAL_I2C_Master_Transmit)
    __arm_cp.4_0                             0x08002bb8   Number         4  stm32l0xx_hal_i2c.o(.text.HAL_I2C_Master_Transmit)
    __arm_cp.4_2                             0x08002bbc   Number         4  stm32l0xx_hal_i2c.o(.text.HAL_I2C_Master_Transmit)
    __arm_cp.4_3                             0x08002bc0   Number         4  stm32l0xx_hal_i2c.o(.text.HAL_I2C_Master_Transmit)
    [Anonymous Symbol]                       0x08002bc4   Section        0  stm32l0xx_hal_i2c.o(.text.HAL_I2C_Mem_Read)
    __arm_cp.31_0                            0x08002dd4   Number         4  stm32l0xx_hal_i2c.o(.text.HAL_I2C_Mem_Read)
    __arm_cp.31_1                            0x08002dd8   Number         4  stm32l0xx_hal_i2c.o(.text.HAL_I2C_Mem_Read)
    __arm_cp.31_2                            0x08002ddc   Number         4  stm32l0xx_hal_i2c.o(.text.HAL_I2C_Mem_Read)
    __arm_cp.31_3                            0x08002de0   Number         4  stm32l0xx_hal_i2c.o(.text.HAL_I2C_Mem_Read)
    __arm_cp.31_4                            0x08002de4   Number         4  stm32l0xx_hal_i2c.o(.text.HAL_I2C_Mem_Read)
    __arm_cp.31_5                            0x08002de8   Number         4  stm32l0xx_hal_i2c.o(.text.HAL_I2C_Mem_Read)
    __arm_cp.31_6                            0x08002dec   Number         4  stm32l0xx_hal_i2c.o(.text.HAL_I2C_Mem_Read)
    [Anonymous Symbol]                       0x08002df0   Section        0  stm32l0xx_hal_i2c.o(.text.HAL_I2C_Mem_Write)
    __arm_cp.30_0                            0x08002ffc   Number         4  stm32l0xx_hal_i2c.o(.text.HAL_I2C_Mem_Write)
    __arm_cp.30_1                            0x08003000   Number         4  stm32l0xx_hal_i2c.o(.text.HAL_I2C_Mem_Write)
    __arm_cp.30_2                            0x08003004   Number         4  stm32l0xx_hal_i2c.o(.text.HAL_I2C_Mem_Write)
    __arm_cp.30_3                            0x08003008   Number         4  stm32l0xx_hal_i2c.o(.text.HAL_I2C_Mem_Write)
    __arm_cp.30_4                            0x0800300c   Number         4  stm32l0xx_hal_i2c.o(.text.HAL_I2C_Mem_Write)
    __arm_cp.30_5                            0x08003010   Number         4  stm32l0xx_hal_i2c.o(.text.HAL_I2C_Mem_Write)
    [Anonymous Symbol]                       0x08003014   Section        0  stm32l0xx_hal_msp.o(.text.HAL_I2C_MspInit)
    __arm_cp.1_0                             0x080030c0   Number         4  stm32l0xx_hal_msp.o(.text.HAL_I2C_MspInit)
    __arm_cp.1_1                             0x080030c4   Number         4  stm32l0xx_hal_msp.o(.text.HAL_I2C_MspInit)
    __arm_cp.1_2                             0x080030c8   Number         4  stm32l0xx_hal_msp.o(.text.HAL_I2C_MspInit)
    __arm_cp.1_3                             0x080030cc   Number         4  stm32l0xx_hal_msp.o(.text.HAL_I2C_MspInit)
    [Anonymous Symbol]                       0x080030d0   Section        0  stm32l0xx_hal.o(.text.HAL_IncTick)
    __arm_cp.5_1                             0x080030e0   Number         4  stm32l0xx_hal.o(.text.HAL_IncTick)
    [Anonymous Symbol]                       0x080030e4   Section        0  stm32l0xx_hal.o(.text.HAL_Init)
    __arm_cp.0_0                             0x08003108   Number         4  stm32l0xx_hal.o(.text.HAL_Init)
    [Anonymous Symbol]                       0x0800310c   Section        0  stm32l0xx_hal.o(.text.HAL_InitTick)
    __arm_cp.1_0                             0x08003148   Number         4  stm32l0xx_hal.o(.text.HAL_InitTick)
    __arm_cp.1_1                             0x0800314c   Number         4  stm32l0xx_hal.o(.text.HAL_InitTick)
    [Anonymous Symbol]                       0x08003150   Section        0  stm32l0xx_hal_msp.o(.text.HAL_MspInit)
    __arm_cp.0_0                             0x08003164   Number         4  stm32l0xx_hal_msp.o(.text.HAL_MspInit)
    [Anonymous Symbol]                       0x08003168   Section        0  stm32l0xx_hal_cortex.o(.text.HAL_NVIC_SetPriority)
    __arm_cp.0_0                             0x08003198   Number         4  stm32l0xx_hal_cortex.o(.text.HAL_NVIC_SetPriority)
    __arm_cp.0_1                             0x0800319c   Number         4  stm32l0xx_hal_cortex.o(.text.HAL_NVIC_SetPriority)
    [Anonymous Symbol]                       0x080031a0   Section        0  stm32l0xx_hal_rcc_ex.o(.text.HAL_RCCEx_PeriphCLKConfig)
    __arm_cp.0_0                             0x080033d4   Number         4  stm32l0xx_hal_rcc_ex.o(.text.HAL_RCCEx_PeriphCLKConfig)
    __arm_cp.0_1                             0x080033d8   Number         4  stm32l0xx_hal_rcc_ex.o(.text.HAL_RCCEx_PeriphCLKConfig)
    [Anonymous Symbol]                       0x080033dc   Section        0  stm32l0xx_hal_rcc.o(.text.HAL_RCC_ClockConfig)
    __arm_cp.3_0                             0x080035f4   Number         4  stm32l0xx_hal_rcc.o(.text.HAL_RCC_ClockConfig)
    __arm_cp.3_1                             0x080035f8   Number         4  stm32l0xx_hal_rcc.o(.text.HAL_RCC_ClockConfig)
    __arm_cp.3_2                             0x080035fc   Number         4  stm32l0xx_hal_rcc.o(.text.HAL_RCC_ClockConfig)
    __arm_cp.3_3                             0x08003600   Number         4  stm32l0xx_hal_rcc.o(.text.HAL_RCC_ClockConfig)
    __arm_cp.3_4                             0x08003604   Number         4  stm32l0xx_hal_rcc.o(.text.HAL_RCC_ClockConfig)
    __arm_cp.3_5                             0x08003608   Number         4  stm32l0xx_hal_rcc.o(.text.HAL_RCC_ClockConfig)
    __arm_cp.3_6                             0x0800360c   Number         4  stm32l0xx_hal_rcc.o(.text.HAL_RCC_ClockConfig)
    __arm_cp.3_7                             0x08003610   Number         4  stm32l0xx_hal_rcc.o(.text.HAL_RCC_ClockConfig)
    __arm_cp.3_8                             0x08003614   Number         4  stm32l0xx_hal_rcc.o(.text.HAL_RCC_ClockConfig)
    __arm_cp.3_9                             0x08003618   Number         4  stm32l0xx_hal_rcc.o(.text.HAL_RCC_ClockConfig)
    [Anonymous Symbol]                       0x0800361c   Section        0  stm32l0xx_hal_rcc.o(.text.HAL_RCC_OscConfig)
    __arm_cp.1_13                            0x080037b8   Number         4  stm32l0xx_hal_rcc.o(.text.HAL_RCC_OscConfig)
    __arm_cp.1_1                             0x08003b84   Number         4  stm32l0xx_hal_rcc.o(.text.HAL_RCC_OscConfig)
    __arm_cp.1_2                             0x08003b88   Number         4  stm32l0xx_hal_rcc.o(.text.HAL_RCC_OscConfig)
    __arm_cp.1_3                             0x08003b8c   Number         4  stm32l0xx_hal_rcc.o(.text.HAL_RCC_OscConfig)
    __arm_cp.1_4                             0x08003b90   Number         4  stm32l0xx_hal_rcc.o(.text.HAL_RCC_OscConfig)
    __arm_cp.1_5                             0x08003b94   Number         4  stm32l0xx_hal_rcc.o(.text.HAL_RCC_OscConfig)
    __arm_cp.1_6                             0x08003b98   Number         4  stm32l0xx_hal_rcc.o(.text.HAL_RCC_OscConfig)
    __arm_cp.1_7                             0x08003b9c   Number         4  stm32l0xx_hal_rcc.o(.text.HAL_RCC_OscConfig)
    __arm_cp.1_8                             0x08003ba0   Number         4  stm32l0xx_hal_rcc.o(.text.HAL_RCC_OscConfig)
    __arm_cp.1_9                             0x08003ba4   Number         4  stm32l0xx_hal_rcc.o(.text.HAL_RCC_OscConfig)
    __arm_cp.1_10                            0x08003ba8   Number         4  stm32l0xx_hal_rcc.o(.text.HAL_RCC_OscConfig)
    [Anonymous Symbol]                       0x08003bac   Section        0  stm32l0xx_hal_cortex.o(.text.HAL_SYSTICK_Config)
    __arm_cp.4_0                             0x08003bd4   Number         4  stm32l0xx_hal_cortex.o(.text.HAL_SYSTICK_Config)
    __arm_cp.4_1                             0x08003bd8   Number         4  stm32l0xx_hal_cortex.o(.text.HAL_SYSTICK_Config)
    __arm_cp.4_2                             0x08003bdc   Number         4  stm32l0xx_hal_cortex.o(.text.HAL_SYSTICK_Config)
    [Anonymous Symbol]                       0x08003be0   Section        0  stm32l0xx_hal_tim_ex.o(.text.HAL_TIMEx_MasterConfigSynchronization)
    [Anonymous Symbol]                       0x08003c3c   Section        0  stm32l0xx_hal_tim.o(.text.HAL_TIM_Base_Init)
    __arm_cp.0_0                             0x08003cf4   Number         4  stm32l0xx_hal_tim.o(.text.HAL_TIM_Base_Init)
    __arm_cp.0_1                             0x08003cf8   Number         4  stm32l0xx_hal_tim.o(.text.HAL_TIM_Base_Init)
    __arm_cp.0_2                             0x08003cfc   Number         4  stm32l0xx_hal_tim.o(.text.HAL_TIM_Base_Init)
    __arm_cp.0_3                             0x08003d00   Number         4  stm32l0xx_hal_tim.o(.text.HAL_TIM_Base_Init)
    [Anonymous Symbol]                       0x08003d04   Section        0  stm32l0xx_hal_msp.o(.text.HAL_TIM_Base_MspInit)
    __arm_cp.3_0                             0x08003d1c   Number         4  stm32l0xx_hal_msp.o(.text.HAL_TIM_Base_MspInit)
    __arm_cp.3_1                             0x08003d20   Number         4  stm32l0xx_hal_msp.o(.text.HAL_TIM_Base_MspInit)
    [Anonymous Symbol]                       0x08003d24   Section        0  stm32l0xx_it.o(.text.HardFault_Handler)
    I2C_IsErrorOccurred                      0x08003d29   Thumb Code   380  stm32l0xx_hal_i2c.o(.text.I2C_IsErrorOccurred)
    [Anonymous Symbol]                       0x08003d28   Section        0  stm32l0xx_hal_i2c.o(.text.I2C_IsErrorOccurred)
    __arm_cp.72_0                            0x08003ea4   Number         4  stm32l0xx_hal_i2c.o(.text.I2C_IsErrorOccurred)
    I2C_WaitOnFlagUntilTimeout               0x08003ea9   Thumb Code   222  stm32l0xx_hal_i2c.o(.text.I2C_WaitOnFlagUntilTimeout)
    [Anonymous Symbol]                       0x08003ea8   Section        0  stm32l0xx_hal_i2c.o(.text.I2C_WaitOnFlagUntilTimeout)
    I2C_WaitOnSTOPFlagUntilTimeout           0x08003f87   Thumb Code   134  stm32l0xx_hal_i2c.o(.text.I2C_WaitOnSTOPFlagUntilTimeout)
    [Anonymous Symbol]                       0x08003f86   Section        0  stm32l0xx_hal_i2c.o(.text.I2C_WaitOnSTOPFlagUntilTimeout)
    I2C_WaitOnTXISFlagUntilTimeout           0x0800400d   Thumb Code   166  stm32l0xx_hal_i2c.o(.text.I2C_WaitOnTXISFlagUntilTimeout)
    [Anonymous Symbol]                       0x0800400c   Section        0  stm32l0xx_hal_i2c.o(.text.I2C_WaitOnTXISFlagUntilTimeout)
    [Anonymous Symbol]                       0x080040b2   Section        0  stm32l0xx_it.o(.text.NMI_Handler)
    [Anonymous Symbol]                       0x080040b4   Section        0  stm32l0xx_it.o(.text.PendSV_Handler)
    [Anonymous Symbol]                       0x080040b8   Section        0  ssd1306.o(.text.SSD1306_Fill)
    [Anonymous Symbol]                       0x080040d0   Section        0  ssd1306.o(.text.SSD1306_GotoXY)
    [Anonymous Symbol]                       0x080040d8   Section        0  ssd1306.o(.text.SSD1306_Init)
    __arm_cp.9_0                             0x08004360   Number         4  ssd1306.o(.text.SSD1306_Init)
    __arm_cp.9_1                             0x08004364   Number         4  ssd1306.o(.text.SSD1306_Init)
    [Anonymous Symbol]                       0x08004368   Section        0  ssd1306.o(.text.SSD1306_Putc)
    __arm_cp.15_0                            0x08004448   Number         4  ssd1306.o(.text.SSD1306_Putc)
    __arm_cp.15_1                            0x0800444c   Number         4  ssd1306.o(.text.SSD1306_Putc)
    __arm_cp.15_2                            0x08004450   Number         4  ssd1306.o(.text.SSD1306_Putc)
    [Anonymous Symbol]                       0x08004454   Section        0  ssd1306.o(.text.SSD1306_Puts)
    [Anonymous Symbol]                       0x08004488   Section        0  ssd1306.o(.text.SSD1306_UpdateScreen)
    __arm_cp.11_0                            0x0800451c   Number         4  ssd1306.o(.text.SSD1306_UpdateScreen)
    __arm_cp.11_1                            0x08004520   Number         4  ssd1306.o(.text.SSD1306_UpdateScreen)
    [Anonymous Symbol]                       0x08004524   Section        0  stm32l0xx_it.o(.text.SVC_Handler)
    [Anonymous Symbol]                       0x08004526   Section        0  stm32l0xx_it.o(.text.SysTick_Handler)
    [Anonymous Symbol]                       0x0800452e   Section        0  system_stm32l0xx.o(.text.SystemInit)
    [Anonymous Symbol]                       0x08004530   Section        0  main.o(.text.getPress)
    __arm_cp.0_0                             0x08004658   Number         4  main.o(.text.getPress)
    __arm_cp.0_1                             0x0800465c   Number         4  main.o(.text.getPress)
    __arm_cp.0_2                             0x08004660   Number         4  main.o(.text.getPress)
    __arm_cp.0_3                             0x08004664   Number         4  main.o(.text.getPress)
    __arm_cp.0_4                             0x08004668   Number         4  main.o(.text.getPress)
    __arm_cp.0_5                             0x0800466c   Number         4  main.o(.text.getPress)
    __arm_cp.0_6                             0x08004670   Number         4  main.o(.text.getPress)
    __arm_cp.0_7                             0x08004674   Number         4  main.o(.text.getPress)
    __arm_cp.0_9                             0x08004684   Number         4  main.o(.text.getPress)
    [Anonymous Symbol]                       0x0800469c   Section        0  main.o(.text.main)
    __arm_cp.1_0                             0x0800485c   Number         4  main.o(.text.main)
    __arm_cp.1_1                             0x08004860   Number         4  main.o(.text.main)
    __arm_cp.1_2                             0x08004864   Number         4  main.o(.text.main)
    __arm_cp.1_3                             0x08004868   Number         4  main.o(.text.main)
    __arm_cp.1_4                             0x0800486c   Number         4  main.o(.text.main)
    __arm_cp.1_5                             0x08004870   Number         4  main.o(.text.main)
    __arm_cp.1_6                             0x08004874   Number         4  main.o(.text.main)
    __arm_cp.1_7                             0x08004878   Number         4  main.o(.text.main)
    __arm_cp.1_8                             0x0800487c   Number         4  main.o(.text.main)
    __arm_cp.1_9                             0x08004880   Number         4  main.o(.text.main)
    .text_divfast                            0x08004884   Section      502  aeabi_sdivfast.o(.text_divfast)
    i.__ARM_common_ll_muluu                  0x08004a7a   Section        0  btod.o(i.__ARM_common_ll_muluu)
    i.__ARM_fpclassify                       0x08004aac   Section        0  fpclassify.o(i.__ARM_fpclassify)
    i._dgeq                                  0x08004ad8   Section        0  dcmp.o(i._dgeq)
    i._dleq                                  0x08004aee   Section        0  dcmp.o(i._dleq)
    i._is_digit                              0x08004b08   Section        0  __printf_wp.o(i._is_digit)
    locale$$code                             0x08004b18   Section       44  lc_numeric_c.o(locale$$code)
    x$fpl$dgeqf                              0x08004b44   Section      100  dgef.o(x$fpl$dgeqf)
    x$fpl$dleqf                              0x08004ba8   Section      100  dlef.o(x$fpl$dleqf)
    x$fpl$fadd                               0x08004c0c   Section      140  faddsub.o(x$fpl$fadd)
    _fadd1                                   0x08004c19   Thumb Code     0  faddsub.o(x$fpl$fadd)
    x$fpl$fsub                               0x08004c98   Section      208  faddsub.o(x$fpl$fsub)
    _fsub1                                   0x08004ca5   Thumb Code     0  faddsub.o(x$fpl$fsub)
    x$fpl$printf1                            0x08004d68   Section       16  printf1.o(x$fpl$printf1)
    ddiv_reciptbl                            0x08004d78   Data         128  ddiv.o(.constdata)
    .constdata                               0x08004d78   Section      128  ddiv.o(.constdata)
    x$fpl$usenofp                            0x08004d78   Section        0  usenofp.o(x$fpl$usenofp)
    fdiv_tab                                 0x08004df8   Data          64  fdiv.o(.constdata)
    .constdata                               0x08004df8   Section       64  fdiv.o(.constdata)
    tenpwrs_x                                0x08004e38   Data          60  bigflt0.o(.constdata)
    .constdata                               0x08004e38   Section      148  bigflt0.o(.constdata)
    tenpwrs_i                                0x08004e74   Data          64  bigflt0.o(.constdata)
    locale$$data                             0x08005c64   Section       28  lc_numeric_c.o(locale$$data)
    __lcnum_c_name                           0x08005c68   Data           2  lc_numeric_c.o(locale$$data)
    __lcnum_c_start                          0x08005c70   Data           0  lc_numeric_c.o(locale$$data)
    __lcnum_c_point                          0x08005c7c   Data           0  lc_numeric_c.o(locale$$data)
    __lcnum_c_thousands                      0x08005c7e   Data           0  lc_numeric_c.o(locale$$data)
    __lcnum_c_grouping                       0x08005c7f   Data           0  lc_numeric_c.o(locale$$data)
    __lcnum_c_end                            0x08005c80   Data           0  lc_numeric_c.o(locale$$data)
    [Anonymous Symbol]                       0x20000000   Section        0  stm32l0xx_hal.o(.data..L_MergedGlobals)
    .bss                                     0x20000018   Section       96  libspace.o(.bss)
    [Anonymous Symbol]                       0x20000078   Section        0  main.o(.bss..L_MergedGlobals)
    [Anonymous Symbol]                       0x200000d0   Section        0  bmp180.o(.bss..L_MergedGlobals)
    SSD1306.2                                0x20000118   Data           1  ssd1306.o(.bss..L_MergedGlobals)
    [Anonymous Symbol]                       0x20000118   Section        0  ssd1306.o(.bss..L_MergedGlobals)
    SSD1306.0                                0x2000011a   Data           2  ssd1306.o(.bss..L_MergedGlobals)
    SSD1306.1                                0x2000011c   Data           2  ssd1306.o(.bss..L_MergedGlobals)
    SSD1306_Buffer                           0x20000120   Data        1024  ssd1306.o(.bss.SSD1306_Buffer)
    [Anonymous Symbol]                       0x20000120   Section        0  ssd1306.o(.bss.SSD1306_Buffer)
    Heap_Mem                                 0x200005d0   Data         512  startup_stm32l073xx.o(HEAP)
    HEAP                                     0x200005d0   Section      512  startup_stm32l073xx.o(HEAP)
    Stack_Mem                                0x200007d0   Data        1024  startup_stm32l073xx.o(STACK)
    STACK                                    0x200007d0   Section     1024  startup_stm32l073xx.o(STACK)
    __initial_sp                             0x20000bd0   Data           0  startup_stm32l073xx.o(STACK)

    Global Symbols

    Symbol Name                              Value     Ov Type        Size  Object(Section)

    BuildAttributes$$THM_ISAv3M$S$PE$A:L22$X:L11$S22$IEEE1$IW$~IW$USESV6$~STKCKD$USESV7$~SHL$OTIME$ROPI$IEEEX$EBA8$UX$STANDARDLIB$REQ8$PRES8$EABIv2 0x00000000   Number         0  anon$$obj.o ABSOLUTE
    _printf_flags                            0x00000000   Number         0  printf_stubs.o ABSOLUTE
    _printf_return_value                     0x00000000   Number         0  printf_stubs.o ABSOLUTE
    _printf_sizespec                         0x00000000   Number         0  printf_stubs.o ABSOLUTE
    _printf_widthprec                        0x00000000   Number         0  printf_stubs.o ABSOLUTE
    __ARM_exceptions_init                     - Undefined Weak Reference
    __alloca_initialize                       - Undefined Weak Reference
    __arm_preinit_                            - Undefined Weak Reference
    __arm_relocate_pie_                       - Undefined Weak Reference
    __cpp_initialize__aeabi_                  - Undefined Weak Reference
    __cxa_finalize                            - Undefined Weak Reference
    __sigvec_lookup                           - Undefined Weak Reference
    _atexit_init                              - Undefined Weak Reference
    _call_atexit_fns                          - Undefined Weak Reference
    _clock_init                               - Undefined Weak Reference
    _fp_trap_init                             - Undefined Weak Reference
    _fp_trap_shutdown                         - Undefined Weak Reference
    _get_lc_collate                           - Undefined Weak Reference
    _get_lc_ctype                             - Undefined Weak Reference
    _get_lc_monetary                          - Undefined Weak Reference
    _get_lc_time                              - Undefined Weak Reference
    _getenv_init                              - Undefined Weak Reference
    _handle_redirection                       - Undefined Weak Reference
    _init_alloc                               - Undefined Weak Reference
    _init_user_alloc                          - Undefined Weak Reference
    _initio                                   - Undefined Weak Reference
    _printf_post_padding                      - Undefined Weak Reference
    _printf_pre_padding                       - Undefined Weak Reference
    _rand_init                                - Undefined Weak Reference
    _signal_finish                            - Undefined Weak Reference
    _signal_init                              - Undefined Weak Reference
    _terminate_alloc                          - Undefined Weak Reference
    _terminate_user_alloc                     - Undefined Weak Reference
    _terminateio                              - Undefined Weak Reference
    __Vectors_Size                           0x000000c0   Number         0  startup_stm32l073xx.o ABSOLUTE
    __Vectors                                0x08000000   Data           4  startup_stm32l073xx.o(RESET)
    __Vectors_End                            0x080000c0   Data           0  startup_stm32l073xx.o(RESET)
    __main                                   0x080000c1   Thumb Code     8  __main.o(!!!main)
    __scatterload                            0x080000c9   Thumb Code     0  __scatter.o(!!!scatter)
    __scatterload_rt2                        0x080000c9   Thumb Code    52  __scatter.o(!!!scatter)
    __scatterload_rt2_thumb_only             0x080000c9   Thumb Code     0  __scatter.o(!!!scatter)
    __scatterload_null                       0x080000d9   Thumb Code     0  __scatter.o(!!!scatter)
    __scatterload_copy                       0x08000105   Thumb Code    26  __scatter_copy.o(!!handler_copy)
    __scatterload_zeroinit                   0x08000121   Thumb Code    28  __scatter_zi.o(!!handler_zi)
    _printf_percent                          0x0800013d   Thumb Code     0  _printf_percent.o(.ARM.Collect$$_printf_percent$$00000000)
    _printf_f                                0x0800013f   Thumb Code     0  _printf_f.o(.ARM.Collect$$_printf_percent$$00000003)
    _printf_percent_end                      0x08000149   Thumb Code     0  _printf_percent_end.o(.ARM.Collect$$_printf_percent$$00000017)
    __rt_lib_init                            0x0800014d   Thumb Code     0  libinit.o(.ARM.Collect$$libinit$$00000000)
    __rt_lib_init_fp_1                       0x0800014f   Thumb Code     0  libinit2.o(.ARM.Collect$$libinit$$00000002)
    __rt_lib_init_heap_1                     0x0800014f   Thumb Code     0  libinit2.o(.ARM.Collect$$libinit$$0000000C)
    __rt_lib_init_lc_common                  0x0800014f   Thumb Code     0  libinit2.o(.ARM.Collect$$libinit$$00000011)
    __rt_lib_init_preinit_1                  0x0800014f   Thumb Code     0  libinit2.o(.ARM.Collect$$libinit$$00000006)
    __rt_lib_init_rand_1                     0x0800014f   Thumb Code     0  libinit2.o(.ARM.Collect$$libinit$$00000010)
    __rt_lib_init_relocate_pie_1             0x0800014f   Thumb Code     0  libinit2.o(.ARM.Collect$$libinit$$00000004)
    __rt_lib_init_user_alloc_1               0x0800014f   Thumb Code     0  libinit2.o(.ARM.Collect$$libinit$$0000000E)
    __rt_lib_init_lc_collate_1               0x08000155   Thumb Code     0  libinit2.o(.ARM.Collect$$libinit$$00000013)
    __rt_lib_init_lc_ctype_1                 0x08000155   Thumb Code     0  libinit2.o(.ARM.Collect$$libinit$$00000015)
    __rt_lib_init_lc_monetary_1              0x08000155   Thumb Code     0  libinit2.o(.ARM.Collect$$libinit$$00000017)
    __rt_lib_init_lc_numeric_2               0x08000155   Thumb Code     0  libinit2.o(.ARM.Collect$$libinit$$00000018)
    __rt_lib_init_alloca_1                   0x0800015f   Thumb Code     0  libinit2.o(.ARM.Collect$$libinit$$00000030)
    __rt_lib_init_argv_1                     0x0800015f   Thumb Code     0  libinit2.o(.ARM.Collect$$libinit$$0000002E)
    __rt_lib_init_atexit_1                   0x0800015f   Thumb Code     0  libinit2.o(.ARM.Collect$$libinit$$0000001D)
    __rt_lib_init_clock_1                    0x0800015f   Thumb Code     0  libinit2.o(.ARM.Collect$$libinit$$00000023)
    __rt_lib_init_cpp_1                      0x0800015f   Thumb Code     0  libinit2.o(.ARM.Collect$$libinit$$00000034)
    __rt_lib_init_exceptions_1               0x0800015f   Thumb Code     0  libinit2.o(.ARM.Collect$$libinit$$00000032)
    __rt_lib_init_fp_trap_1                  0x0800015f   Thumb Code     0  libinit2.o(.ARM.Collect$$libinit$$00000021)
    __rt_lib_init_getenv_1                   0x0800015f   Thumb Code     0  libinit2.o(.ARM.Collect$$libinit$$00000025)
    __rt_lib_init_lc_numeric_1               0x0800015f   Thumb Code     0  libinit2.o(.ARM.Collect$$libinit$$00000019)
    __rt_lib_init_lc_time_1                  0x0800015f   Thumb Code     0  libinit2.o(.ARM.Collect$$libinit$$0000001B)
    __rt_lib_init_return                     0x0800015f   Thumb Code     0  libinit2.o(.ARM.Collect$$libinit$$00000035)
    __rt_lib_init_signal_1                   0x0800015f   Thumb Code     0  libinit2.o(.ARM.Collect$$libinit$$0000001F)
    __rt_lib_init_stdio_1                    0x0800015f   Thumb Code     0  libinit2.o(.ARM.Collect$$libinit$$00000027)
    __rt_lib_shutdown                        0x08000161   Thumb Code     0  libshutdown.o(.ARM.Collect$$libshutdown$$00000000)
    __rt_lib_shutdown_cpp_1                  0x08000163   Thumb Code     0  libshutdown2.o(.ARM.Collect$$libshutdown$$00000002)
    __rt_lib_shutdown_fp_trap_1              0x08000163   Thumb Code     0  libshutdown2.o(.ARM.Collect$$libshutdown$$00000007)
    __rt_lib_shutdown_heap_1                 0x08000163   Thumb Code     0  libshutdown2.o(.ARM.Collect$$libshutdown$$0000000F)
    __rt_lib_shutdown_return                 0x08000163   Thumb Code     0  libshutdown2.o(.ARM.Collect$$libshutdown$$00000010)
    __rt_lib_shutdown_signal_1               0x08000163   Thumb Code     0  libshutdown2.o(.ARM.Collect$$libshutdown$$0000000A)
    __rt_lib_shutdown_stdio_1                0x08000163   Thumb Code     0  libshutdown2.o(.ARM.Collect$$libshutdown$$00000004)
    __rt_lib_shutdown_user_alloc_1           0x08000163   Thumb Code     0  libshutdown2.o(.ARM.Collect$$libshutdown$$0000000C)
    __rt_entry                               0x08000165   Thumb Code     0  __rtentry.o(.ARM.Collect$$rtentry$$00000000)
    __rt_entry_presh_1                       0x08000165   Thumb Code     0  __rtentry2.o(.ARM.Collect$$rtentry$$00000002)
    __rt_entry_sh                            0x08000165   Thumb Code     0  __rtentry4.o(.ARM.Collect$$rtentry$$00000004)
    __rt_entry_li                            0x0800016b   Thumb Code     0  __rtentry2.o(.ARM.Collect$$rtentry$$0000000A)
    __rt_entry_postsh_1                      0x0800016b   Thumb Code     0  __rtentry2.o(.ARM.Collect$$rtentry$$00000009)
    __rt_entry_main                          0x0800016f   Thumb Code     0  __rtentry2.o(.ARM.Collect$$rtentry$$0000000D)
    __rt_entry_postli_1                      0x0800016f   Thumb Code     0  __rtentry2.o(.ARM.Collect$$rtentry$$0000000C)
    __rt_exit                                0x08000177   Thumb Code     0  rtexit.o(.ARM.Collect$$rtexit$$00000000)
    __rt_exit_ls                             0x08000179   Thumb Code     0  rtexit2.o(.ARM.Collect$$rtexit$$00000003)
    __rt_exit_prels_1                        0x08000179   Thumb Code     0  rtexit2.o(.ARM.Collect$$rtexit$$00000002)
    __rt_exit_exit                           0x0800017d   Thumb Code     0  rtexit2.o(.ARM.Collect$$rtexit$$00000004)
    __aeabi_memcpy4                          0x08000185   Thumb Code    56  rt_memcpy.o(.emb_text)
    __aeabi_memcpy8                          0x08000185   Thumb Code     0  rt_memcpy.o(.emb_text)
    Reset_Handler                            0x080001bd   Thumb Code     8  startup_stm32l073xx.o(.text)
    ADC1_COMP_IRQHandler                     0x080001cf   Thumb Code     0  startup_stm32l073xx.o(.text)
    DMA1_Channel1_IRQHandler                 0x080001cf   Thumb Code     0  startup_stm32l073xx.o(.text)
    DMA1_Channel2_3_IRQHandler               0x080001cf   Thumb Code     0  startup_stm32l073xx.o(.text)
    DMA1_Channel4_5_6_7_IRQHandler           0x080001cf   Thumb Code     0  startup_stm32l073xx.o(.text)
    EXTI0_1_IRQHandler                       0x080001cf   Thumb Code     0  startup_stm32l073xx.o(.text)
    EXTI2_3_IRQHandler                       0x080001cf   Thumb Code     0  startup_stm32l073xx.o(.text)
    EXTI4_15_IRQHandler                      0x080001cf   Thumb Code     0  startup_stm32l073xx.o(.text)
    FLASH_IRQHandler                         0x080001cf   Thumb Code     0  startup_stm32l073xx.o(.text)
    I2C1_IRQHandler                          0x080001cf   Thumb Code     0  startup_stm32l073xx.o(.text)
    I2C2_IRQHandler                          0x080001cf   Thumb Code     0  startup_stm32l073xx.o(.text)
    I2C3_IRQHandler                          0x080001cf   Thumb Code     0  startup_stm32l073xx.o(.text)
    LCD_IRQHandler                           0x080001cf   Thumb Code     0  startup_stm32l073xx.o(.text)
    LPTIM1_IRQHandler                        0x080001cf   Thumb Code     0  startup_stm32l073xx.o(.text)
    PVD_IRQHandler                           0x080001cf   Thumb Code     0  startup_stm32l073xx.o(.text)
    RCC_CRS_IRQHandler                       0x080001cf   Thumb Code     0  startup_stm32l073xx.o(.text)
    RNG_LPUART1_IRQHandler                   0x080001cf   Thumb Code     0  startup_stm32l073xx.o(.text)
    RTC_IRQHandler                           0x080001cf   Thumb Code     0  startup_stm32l073xx.o(.text)
    SPI1_IRQHandler                          0x080001cf   Thumb Code     0  startup_stm32l073xx.o(.text)
    SPI2_IRQHandler                          0x080001cf   Thumb Code     0  startup_stm32l073xx.o(.text)
    TIM21_IRQHandler                         0x080001cf   Thumb Code     0  startup_stm32l073xx.o(.text)
    TIM22_IRQHandler                         0x080001cf   Thumb Code     0  startup_stm32l073xx.o(.text)
    TIM2_IRQHandler                          0x080001cf   Thumb Code     0  startup_stm32l073xx.o(.text)
    TIM3_IRQHandler                          0x080001cf   Thumb Code     0  startup_stm32l073xx.o(.text)
    TIM6_DAC_IRQHandler                      0x080001cf   Thumb Code     0  startup_stm32l073xx.o(.text)
    TIM7_IRQHandler                          0x080001cf   Thumb Code     0  startup_stm32l073xx.o(.text)
    TSC_IRQHandler                           0x080001cf   Thumb Code     0  startup_stm32l073xx.o(.text)
    USART1_IRQHandler                        0x080001cf   Thumb Code     0  startup_stm32l073xx.o(.text)
    USART2_IRQHandler                        0x080001cf   Thumb Code     0  startup_stm32l073xx.o(.text)
    USART4_5_IRQHandler                      0x080001cf   Thumb Code     0  startup_stm32l073xx.o(.text)
    USB_IRQHandler                           0x080001cf   Thumb Code     0  startup_stm32l073xx.o(.text)
    WWDG_IRQHandler                          0x080001cf   Thumb Code     0  startup_stm32l073xx.o(.text)
    __user_initial_stackheap                 0x080001d1   Thumb Code     0  startup_stm32l073xx.o(.text)
    __2snprintf                              0x080001f5   Thumb Code    60  noretval__2snprintf.o(.text)
    __printf                                 0x08000235   Thumb Code   270  __printf_wp.o(.text)
    __aeabi_memcpy                           0x08000343   Thumb Code   130  rt_memcpy.o(.text)
    __rt_memcpy                              0x08000343   Thumb Code     0  rt_memcpy.o(.text)
    __aeabi_memset4                          0x080003c5   Thumb Code    18  aeabi_memset4.o(.text)
    __aeabi_memset8                          0x080003c5   Thumb Code     0  aeabi_memset4.o(.text)
    _memset_w                                0x080003d7   Thumb Code    26  rt_memclr.o(.text)
    _memset                                  0x080003f1   Thumb Code    30  rt_memclr.o(.text)
    __aeabi_memclr                           0x0800040f   Thumb Code     4  rt_memclr.o(.text)
    __rt_memclr                              0x0800040f   Thumb Code     0  rt_memclr.o(.text)
    __aeabi_memclr4                          0x08000413   Thumb Code     0  rt_memclr.o(.text)
    __aeabi_memclr8                          0x08000413   Thumb Code     0  rt_memclr.o(.text)
    __rt_memclr_w                            0x08000413   Thumb Code     4  rt_memclr.o(.text)
    __aeabi_uidivmod                         0x08000419   Thumb Code    28  aeabi_sdivfast.o(.text)
    __aeabi_idivmod                          0x08000435   Thumb Code   472  aeabi_sdivfast.o(.text)
    __use_two_region_memory                  0x08000611   Thumb Code     2  heapauxi.o(.text)
    __rt_heap_escrow$2region                 0x08000613   Thumb Code     2  heapauxi.o(.text)
    __rt_heap_expand$2region                 0x08000615   Thumb Code     2  heapauxi.o(.text)
    __aeabi_d2f                              0x08000619   Thumb Code     0  d2f.o(.text)
    _d2f                                     0x08000619   Thumb Code   120  d2f.o(.text)
    __aeabi_dadd                             0x0800098d   Thumb Code     0  daddsub.o(.text)
    _dadd                                    0x0800098d   Thumb Code    26  daddsub.o(.text)
    __aeabi_dsub                             0x080009a7   Thumb Code     0  daddsub.o(.text)
    _dsub                                    0x080009a7   Thumb Code    22  daddsub.o(.text)
    __aeabi_drsub                            0x080009bd   Thumb Code     0  daddsub.o(.text)
    _drsb                                    0x080009bd   Thumb Code    28  daddsub.o(.text)
    __aeabi_ddiv                             0x080009ed   Thumb Code     0  ddiv.o(.text)
    _ddiv                                    0x080009ed   Thumb Code  1072  ddiv.o(.text)
    _drdiv                                   0x08000e1d   Thumb Code    20  ddiv.o(.text)
    __aeabi_d2iz                             0x08000e35   Thumb Code     0  dfixi.o(.text)
    _dfix                                    0x08000e35   Thumb Code    98  dfixi.o(.text)
    __aeabi_d2uiz                            0x08000ea1   Thumb Code     0  dfixui.o(.text)
    _dfixu                                   0x08000ea1   Thumb Code    68  dfixui.o(.text)
    __aeabi_i2d_normalise                    0x08000ee9   Thumb Code    66  dflti.o(.text)
    __aeabi_i2d                              0x08000f2b   Thumb Code    16  dflti.o(.text)
    _dflt                                    0x08000f2b   Thumb Code     0  dflti.o(.text)
    __aeabi_ui2d                             0x08000f3b   Thumb Code     6  dflti.o(.text)
    _dfltu                                   0x08000f3b   Thumb Code     0  dflti.o(.text)
    __aeabi_dmul                             0x08000f41   Thumb Code     0  dmul.o(.text)
    _dmul                                    0x08000f41   Thumb Code   558  dmul.o(.text)
    __aeabi_f2d                              0x08001189   Thumb Code     0  f2d.o(.text)
    _f2d                                     0x08001189   Thumb Code    80  f2d.o(.text)
    __aeabi_fdiv                             0x080011dd   Thumb Code     0  fdiv.o(.text)
    _fdiv                                    0x080011dd   Thumb Code   334  fdiv.o(.text)
    _frdiv                                   0x0800132b   Thumb Code     8  fdiv.o(.text)
    __aeabi_i2f_normalise                    0x0800133d   Thumb Code    72  fflti.o(.text)
    __aeabi_i2f                              0x08001385   Thumb Code    16  fflti.o(.text)
    _fflt                                    0x08001385   Thumb Code     0  fflti.o(.text)
    __aeabi_ui2f                             0x08001395   Thumb Code     6  fflti.o(.text)
    _ffltu                                   0x08001395   Thumb Code     0  fflti.o(.text)
    _printf_fp_dec_real                      0x08001539   Thumb Code   620  _printf_fp_dec.o(.text)
    _printf_char_common                      0x080017bb   Thumb Code    32  _printf_char_common.o(.text)
    _snputc                                  0x080017e1   Thumb Code    16  _snputc.o(.text)
    __rt_locale                              0x080017f1   Thumb Code     8  rt_locale_intlibspace.o(.text)
    _ll_udiv10                               0x080017f9   Thumb Code   122  lludiv10.o(.text)
    _printf_fp_infnan                        0x08001875   Thumb Code   120  _printf_fp_infnan.o(.text)
    _btod_etento                             0x080018fd   Thumb Code   210  bigflt0.o(.text)
    _btod_d2e                                0x080019d5   Thumb Code    64  btod.o(.text)
    _btod_emul                               0x08001e09   Thumb Code    28  btod.o(.text)
    _btod_emuld                              0x08001e25   Thumb Code   144  btod.o(.text)
    _btod_ediv                               0x08001eb5   Thumb Code    26  btod.o(.text)
    _btod_edivd                              0x08001ecf   Thumb Code   124  btod.o(.text)
    __rt_udiv10                              0x08001f55   Thumb Code    40  rtudiv10.o(.text)
    __fpl_dcmp_InfNaN                        0x08001f7d   Thumb Code   154  dcmpin.o(.text)
    __user_libspace                          0x0800201d   Thumb Code     8  libspace.o(.text)
    __user_perproc_libspace                  0x0800201d   Thumb Code     0  libspace.o(.text)
    __user_perthread_libspace                0x0800201d   Thumb Code     0  libspace.o(.text)
    __user_setup_stackheap                   0x08002025   Thumb Code    62  sys_stackheap_outer.o(.text)
    exit                                     0x08002063   Thumb Code    16  exit.o(.text)
    strcmp                                   0x08002075   Thumb Code   176  strcmpv6m.o(.text)
    __fpl_cmpreturn                          0x08002125   Thumb Code    46  cmpret.o(.text)
    __fpl_dcheck_NaN2                        0x08002155   Thumb Code    14  dnan2.o(.text)
    __fpl_return_NaN                         0x08002169   Thumb Code    94  retnan.o(.text)
    _sys_exit                                0x080021c9   Thumb Code     8  sys_exit.o(.text)
    __I$use$semihosting                      0x080021d5   Thumb Code     0  use_no_semi.o(.text)
    __use_no_semihosting_swi                 0x080021d5   Thumb Code     2  use_no_semi.o(.text)
    __semihosting_library_function           0x080021d7   Thumb Code     0  indicate_semi.o(.text)
    BMP180_GetPress                          0x080021d9   Thumb Code   508  bmp180.o(.text.BMP180_GetPress)
    BMP180_GetTemp                           0x080023fd   Thumb Code   216  bmp180.o(.text.BMP180_GetTemp)
    BMP180_Start                             0x080024e1   Thumb Code   116  bmp180.o(.text.BMP180_Start)
    Get_UPress                               0x08002559   Thumb Code   104  bmp180.o(.text.Get_UPress)
    HAL_Delay                                0x080025d5   Thumb Code    32  stm32l0xx_hal.o(.text.HAL_Delay)
    HAL_GPIO_Init                            0x080025f9   Thumb Code   388  stm32l0xx_hal_gpio.o(.text.HAL_GPIO_Init)
    HAL_GetTick                              0x0800278d   Thumb Code     8  stm32l0xx_hal.o(.text.HAL_GetTick)
    HAL_I2CEx_ConfigAnalogFilter             0x08002799   Thumb Code    66  stm32l0xx_hal_i2c_ex.o(.text.HAL_I2CEx_ConfigAnalogFilter)
    HAL_I2CEx_ConfigDigitalFilter            0x080027db   Thumb Code    66  stm32l0xx_hal_i2c_ex.o(.text.HAL_I2CEx_ConfigDigitalFilter)
    HAL_I2C_Init                             0x0800281d   Thumb Code   160  stm32l0xx_hal_i2c.o(.text.HAL_I2C_Init)
    HAL_I2C_IsDeviceReady                    0x080028c5   Thumb Code   368  stm32l0xx_hal_i2c.o(.text.HAL_I2C_IsDeviceReady)
    HAL_I2C_Master_Transmit                  0x08002a39   Thumb Code   384  stm32l0xx_hal_i2c.o(.text.HAL_I2C_Master_Transmit)
    HAL_I2C_Mem_Read                         0x08002bc5   Thumb Code   528  stm32l0xx_hal_i2c.o(.text.HAL_I2C_Mem_Read)
    HAL_I2C_Mem_Write                        0x08002df1   Thumb Code   524  stm32l0xx_hal_i2c.o(.text.HAL_I2C_Mem_Write)
    HAL_I2C_MspInit                          0x08003015   Thumb Code   172  stm32l0xx_hal_msp.o(.text.HAL_I2C_MspInit)
    HAL_IncTick                              0x080030d1   Thumb Code    16  stm32l0xx_hal.o(.text.HAL_IncTick)
    HAL_Init                                 0x080030e5   Thumb Code    36  stm32l0xx_hal.o(.text.HAL_Init)
    HAL_InitTick                             0x0800310d   Thumb Code    60  stm32l0xx_hal.o(.text.HAL_InitTick)
    HAL_MspInit                              0x08003151   Thumb Code    20  stm32l0xx_hal_msp.o(.text.HAL_MspInit)
    HAL_NVIC_SetPriority                     0x08003169   Thumb Code    48  stm32l0xx_hal_cortex.o(.text.HAL_NVIC_SetPriority)
    HAL_RCCEx_PeriphCLKConfig                0x080031a1   Thumb Code   564  stm32l0xx_hal_rcc_ex.o(.text.HAL_RCCEx_PeriphCLKConfig)
    HAL_RCC_ClockConfig                      0x080033dd   Thumb Code   536  stm32l0xx_hal_rcc.o(.text.HAL_RCC_ClockConfig)
    HAL_RCC_OscConfig                        0x0800361d   Thumb Code  1384  stm32l0xx_hal_rcc.o(.text.HAL_RCC_OscConfig)
    HAL_SYSTICK_Config                       0x08003bad   Thumb Code    40  stm32l0xx_hal_cortex.o(.text.HAL_SYSTICK_Config)
    HAL_TIMEx_MasterConfigSynchronization    0x08003be1   Thumb Code    92  stm32l0xx_hal_tim_ex.o(.text.HAL_TIMEx_MasterConfigSynchronization)
    HAL_TIM_Base_Init                        0x08003c3d   Thumb Code   184  stm32l0xx_hal_tim.o(.text.HAL_TIM_Base_Init)
    HAL_TIM_Base_MspInit                     0x08003d05   Thumb Code    24  stm32l0xx_hal_msp.o(.text.HAL_TIM_Base_MspInit)
    HardFault_Handler                        0x08003d25   Thumb Code     2  stm32l0xx_it.o(.text.HardFault_Handler)
    NMI_Handler                              0x080040b3   Thumb Code     2  stm32l0xx_it.o(.text.NMI_Handler)
    PendSV_Handler                           0x080040b5   Thumb Code     2  stm32l0xx_it.o(.text.PendSV_Handler)
    SSD1306_Fill                             0x080040b9   Thumb Code    24  ssd1306.o(.text.SSD1306_Fill)
    SSD1306_GotoXY                           0x080040d1   Thumb Code     8  ssd1306.o(.text.SSD1306_GotoXY)
    SSD1306_Init                             0x080040d9   Thumb Code   648  ssd1306.o(.text.SSD1306_Init)
    SSD1306_Putc                             0x08004369   Thumb Code   224  ssd1306.o(.text.SSD1306_Putc)
    SSD1306_Puts                             0x08004455   Thumb Code    50  ssd1306.o(.text.SSD1306_Puts)
    SSD1306_UpdateScreen                     0x08004489   Thumb Code   148  ssd1306.o(.text.SSD1306_UpdateScreen)
    SVC_Handler                              0x08004525   Thumb Code     2  stm32l0xx_it.o(.text.SVC_Handler)
    SysTick_Handler                          0x08004527   Thumb Code     8  stm32l0xx_it.o(.text.SysTick_Handler)
    SystemInit                               0x0800452f   Thumb Code     2  system_stm32l0xx.o(.text.SystemInit)
    getPress                                 0x08004531   Thumb Code   296  main.o(.text.getPress)
    main                                     0x0800469d   Thumb Code   448  main.o(.text.main)
    __aeabi_uidiv                            0x08004885   Thumb Code    68  aeabi_sdivfast.o(.text_divfast)
    __aeabi_idiv                             0x080048c9   Thumb Code   434  aeabi_sdivfast.o(.text_divfast)
    __ARM_common_ll_muluu                    0x08004a7b   Thumb Code    48  btod.o(i.__ARM_common_ll_muluu)
    __ARM_fpclassify                         0x08004aad   Thumb Code    40  fpclassify.o(i.__ARM_fpclassify)
    __aeabi_dcmpge                           0x08004ad9   Thumb Code     0  dcmp.o(i._dgeq)
    _dgeq                                    0x08004ad9   Thumb Code    22  dcmp.o(i._dgeq)
    __aeabi_dcmple                           0x08004aef   Thumb Code     0  dcmp.o(i._dleq)
    _dleq                                    0x08004aef   Thumb Code    26  dcmp.o(i._dleq)
    _is_digit                                0x08004b09   Thumb Code    14  __printf_wp.o(i._is_digit)
    _get_lc_numeric                          0x08004b19   Thumb Code    44  lc_numeric_c.o(locale$$code)
    _dcmpge                                  0x08004b45   Thumb Code    94  dgef.o(x$fpl$dgeqf)
    __aeabi_cdcmple                          0x08004ba9   Thumb Code     0  dlef.o(x$fpl$dleqf)
    _dcmple                                  0x08004ba9   Thumb Code    94  dlef.o(x$fpl$dleqf)
    __aeabi_fadd                             0x08004c0d   Thumb Code     0  faddsub.o(x$fpl$fadd)
    _fadd                                    0x08004c0d   Thumb Code   134  faddsub.o(x$fpl$fadd)
    __aeabi_fsub                             0x08004c99   Thumb Code     0  faddsub.o(x$fpl$fsub)
    _fsub                                    0x08004c99   Thumb Code   204  faddsub.o(x$fpl$fsub)
    _printf_fp_dec                           0x08004d69   Thumb Code    16  printf1.o(x$fpl$printf1)
    __I$use$fp                               0x08004d78   Number         0  usenofp.o(x$fpl$usenofp)
    AHBPrescTable                            0x08004ecc   Data          16  system_stm32l0xx.o(.rodata.AHBPrescTable)
    Font11x18                                0x08004edc   Data        3420  fonts.o(.rodata.Font11x18)
    PLLMulTable                              0x08005c38   Data           9  system_stm32l0xx.o(.rodata.PLLMulTable)
    Region$$Table$$Base                      0x08005c44   Number         0  anon$$obj.o(Region$$Table)
    Region$$Table$$Limit                     0x08005c64   Number         0  anon$$obj.o(Region$$Table)
    uwTickFreq                               0x20000000   Data           1  stm32l0xx_hal.o(.data..L_MergedGlobals)
    uwTickPrio                               0x20000004   Data           4  stm32l0xx_hal.o(.data..L_MergedGlobals)
    Font_11x18                               0x20000008   Data           8  fonts.o(.data.Font_11x18)
    SystemCoreClock                          0x20000010   Data           4  system_stm32l0xx.o(.data.SystemCoreClock)
    __libspace_start                         0x20000018   Data          96  libspace.o(.bss)
    Pressure_bar                             0x20000078   Data           4  main.o(.bss..L_MergedGlobals)
    __temporary_stack_top$libspace           0x20000078   Data           0  libspace.o(.bss)
    Pressure_hpa                             0x2000007c   Data           4  main.o(.bss..L_MergedGlobals)
    Temperature                              0x20000080   Data           4  main.o(.bss..L_MergedGlobals)
    sum_Pressure_bar                         0x20000084   Data           4  main.o(.bss..L_MergedGlobals)
    sum_Pressure_hpa                         0x20000088   Data           4  main.o(.bss..L_MergedGlobals)
    num_readings                             0x2000008c   Data           4  main.o(.bss..L_MergedGlobals)
    htim6                                    0x20000090   Data          64  main.o(.bss..L_MergedGlobals)
    AC1                                      0x200000d0   Data           2  bmp180.o(.bss..L_MergedGlobals)
    AC2                                      0x200000d2   Data           2  bmp180.o(.bss..L_MergedGlobals)
    AC3                                      0x200000d4   Data           2  bmp180.o(.bss..L_MergedGlobals)
    AC4                                      0x200000d6   Data           2  bmp180.o(.bss..L_MergedGlobals)
    AC5                                      0x200000d8   Data           2  bmp180.o(.bss..L_MergedGlobals)
    AC6                                      0x200000da   Data           2  bmp180.o(.bss..L_MergedGlobals)
    B1                                       0x200000dc   Data           2  bmp180.o(.bss..L_MergedGlobals)
    B2                                       0x200000de   Data           2  bmp180.o(.bss..L_MergedGlobals)
    MB                                       0x200000e0   Data           2  bmp180.o(.bss..L_MergedGlobals)
    MC                                       0x200000e2   Data           2  bmp180.o(.bss..L_MergedGlobals)
    MD                                       0x200000e4   Data           2  bmp180.o(.bss..L_MergedGlobals)
    UT                                       0x200000e8   Data           4  bmp180.o(.bss..L_MergedGlobals)
    UP                                       0x200000ec   Data           4  bmp180.o(.bss..L_MergedGlobals)
    X1                                       0x200000f0   Data           4  bmp180.o(.bss..L_MergedGlobals)
    X2                                       0x200000f4   Data           4  bmp180.o(.bss..L_MergedGlobals)
    X3                                       0x200000f8   Data           4  bmp180.o(.bss..L_MergedGlobals)
    B3                                       0x200000fc   Data           4  bmp180.o(.bss..L_MergedGlobals)
    B5                                       0x20000100   Data           4  bmp180.o(.bss..L_MergedGlobals)
    B4                                       0x20000104   Data           4  bmp180.o(.bss..L_MergedGlobals)
    B6                                       0x20000108   Data           4  bmp180.o(.bss..L_MergedGlobals)
    B7                                       0x2000010c   Data           4  bmp180.o(.bss..L_MergedGlobals)
    Press                                    0x20000110   Data           4  bmp180.o(.bss..L_MergedGlobals)
    Temp                                     0x20000114   Data           4  bmp180.o(.bss..L_MergedGlobals)
    hi2c1                                    0x20000520   Data          84  main.o(.bss.hi2c1)
    hi2c3                                    0x20000574   Data          84  main.o(.bss.hi2c3)
    uwTick                                   0x200005c8   Data           4  stm32l0xx_hal.o(.bss.uwTick)



==============================================================================

Memory Map of the image

  Image Entry point : 0x080000c1

  Load Region LR_IROM1 (Base: 0x08000000, Size: 0x00005c98, Max: 0x00030000, ABSOLUTE)

    Execution Region ER_IROM1 (Exec base: 0x08000000, Load base: 0x08000000, Size: 0x00005c80, Max: 0x00030000, ABSOLUTE)

    Exec Addr    Load Addr    Size         Type   Attr      Idx    E Section Name        Object

    0x08000000   0x08000000   0x000000c0   Data   RO            3    RESET               startup_stm32l073xx.o
    0x080000c0   0x080000c0   0x00000008   Code   RO         1073  * !!!main             c_p.l(__main.o)
    0x080000c8   0x080000c8   0x0000003c   Code   RO         1390    !!!scatter          c_p.l(__scatter.o)
    0x08000104   0x08000104   0x0000001a   Code   RO         1392    !!handler_copy      c_p.l(__scatter_copy.o)
    0x0800011e   0x0800011e   0x00000002   PAD
    0x08000120   0x08000120   0x0000001c   Code   RO         1394    !!handler_zi        c_p.l(__scatter_zi.o)
    0x0800013c   0x0800013c   0x00000002   Code   RO         1052    .ARM.Collect$$_printf_percent$$00000000  c_p.l(_printf_percent.o)
    0x0800013e   0x0800013e   0x0000000a   Code   RO         1051    .ARM.Collect$$_printf_percent$$00000003  c_p.l(_printf_f.o)
    0x08000148   0x08000148   0x00000004   Code   RO         1137    .ARM.Collect$$_printf_percent$$00000017  c_p.l(_printf_percent_end.o)
    0x0800014c   0x0800014c   0x00000002   Code   RO         1246    .ARM.Collect$$libinit$$00000000  c_p.l(libinit.o)
    0x0800014e   0x0800014e   0x00000000   Code   RO         1248    .ARM.Collect$$libinit$$00000002  c_p.l(libinit2.o)
    0x0800014e   0x0800014e   0x00000000   Code   RO         1250    .ARM.Collect$$libinit$$00000004  c_p.l(libinit2.o)
    0x0800014e   0x0800014e   0x00000000   Code   RO         1252    .ARM.Collect$$libinit$$00000006  c_p.l(libinit2.o)
    0x0800014e   0x0800014e   0x00000000   Code   RO         1255    .ARM.Collect$$libinit$$0000000C  c_p.l(libinit2.o)
    0x0800014e   0x0800014e   0x00000000   Code   RO         1257    .ARM.Collect$$libinit$$0000000E  c_p.l(libinit2.o)
    0x0800014e   0x0800014e   0x00000000   Code   RO         1259    .ARM.Collect$$libinit$$00000010  c_p.l(libinit2.o)
    0x0800014e   0x0800014e   0x00000006   Code   RO         1260    .ARM.Collect$$libinit$$00000011  c_p.l(libinit2.o)
    0x08000154   0x08000154   0x00000000   Code   RO         1262    .ARM.Collect$$libinit$$00000013  c_p.l(libinit2.o)
    0x08000154   0x08000154   0x00000000   Code   RO         1264    .ARM.Collect$$libinit$$00000015  c_p.l(libinit2.o)
    0x08000154   0x08000154   0x00000000   Code   RO         1266    .ARM.Collect$$libinit$$00000017  c_p.l(libinit2.o)
    0x08000154   0x08000154   0x0000000a   Code   RO         1267    .ARM.Collect$$libinit$$00000018  c_p.l(libinit2.o)
    0x0800015e   0x0800015e   0x00000000   Code   RO         1268    .ARM.Collect$$libinit$$00000019  c_p.l(libinit2.o)
    0x0800015e   0x0800015e   0x00000000   Code   RO         1270    .ARM.Collect$$libinit$$0000001B  c_p.l(libinit2.o)
    0x0800015e   0x0800015e   0x00000000   Code   RO         1272    .ARM.Collect$$libinit$$0000001D  c_p.l(libinit2.o)
    0x0800015e   0x0800015e   0x00000000   Code   RO         1274    .ARM.Collect$$libinit$$0000001F  c_p.l(libinit2.o)
    0x0800015e   0x0800015e   0x00000000   Code   RO         1276    .ARM.Collect$$libinit$$00000021  c_p.l(libinit2.o)
    0x0800015e   0x0800015e   0x00000000   Code   RO         1278    .ARM.Collect$$libinit$$00000023  c_p.l(libinit2.o)
    0x0800015e   0x0800015e   0x00000000   Code   RO         1280    .ARM.Collect$$libinit$$00000025  c_p.l(libinit2.o)
    0x0800015e   0x0800015e   0x00000000   Code   RO         1282    .ARM.Collect$$libinit$$00000027  c_p.l(libinit2.o)
    0x0800015e   0x0800015e   0x00000000   Code   RO         1286    .ARM.Collect$$libinit$$0000002E  c_p.l(libinit2.o)
    0x0800015e   0x0800015e   0x00000000   Code   RO         1288    .ARM.Collect$$libinit$$00000030  c_p.l(libinit2.o)
    0x0800015e   0x0800015e   0x00000000   Code   RO         1290    .ARM.Collect$$libinit$$00000032  c_p.l(libinit2.o)
    0x0800015e   0x0800015e   0x00000000   Code   RO         1292    .ARM.Collect$$libinit$$00000034  c_p.l(libinit2.o)
    0x0800015e   0x0800015e   0x00000002   Code   RO         1293    .ARM.Collect$$libinit$$00000035  c_p.l(libinit2.o)
    0x08000160   0x08000160   0x00000002   Code   RO         1355    .ARM.Collect$$libshutdown$$00000000  c_p.l(libshutdown.o)
    0x08000162   0x08000162   0x00000000   Code   RO         1373    .ARM.Collect$$libshutdown$$00000002  c_p.l(libshutdown2.o)
    0x08000162   0x08000162   0x00000000   Code   RO         1375    .ARM.Collect$$libshutdown$$00000004  c_p.l(libshutdown2.o)
    0x08000162   0x08000162   0x00000000   Code   RO         1378    .ARM.Collect$$libshutdown$$00000007  c_p.l(libshutdown2.o)
    0x08000162   0x08000162   0x00000000   Code   RO         1381    .ARM.Collect$$libshutdown$$0000000A  c_p.l(libshutdown2.o)
    0x08000162   0x08000162   0x00000000   Code   RO         1383    .ARM.Collect$$libshutdown$$0000000C  c_p.l(libshutdown2.o)
    0x08000162   0x08000162   0x00000000   Code   RO         1386    .ARM.Collect$$libshutdown$$0000000F  c_p.l(libshutdown2.o)
    0x08000162   0x08000162   0x00000002   Code   RO         1387    .ARM.Collect$$libshutdown$$00000010  c_p.l(libshutdown2.o)
    0x08000164   0x08000164   0x00000000   Code   RO         1122    .ARM.Collect$$rtentry$$00000000  c_p.l(__rtentry.o)
    0x08000164   0x08000164   0x00000000   Code   RO         1173    .ARM.Collect$$rtentry$$00000002  c_p.l(__rtentry2.o)
    0x08000164   0x08000164   0x00000006   Code   RO         1185    .ARM.Collect$$rtentry$$00000004  c_p.l(__rtentry4.o)
    0x0800016a   0x0800016a   0x00000000   Code   RO         1175    .ARM.Collect$$rtentry$$00000009  c_p.l(__rtentry2.o)
    0x0800016a   0x0800016a   0x00000004   Code   RO         1176    .ARM.Collect$$rtentry$$0000000A  c_p.l(__rtentry2.o)
    0x0800016e   0x0800016e   0x00000000   Code   RO         1178    .ARM.Collect$$rtentry$$0000000C  c_p.l(__rtentry2.o)
    0x0800016e   0x0800016e   0x00000008   Code   RO         1179    .ARM.Collect$$rtentry$$0000000D  c_p.l(__rtentry2.o)
    0x08000176   0x08000176   0x00000002   Code   RO         1299    .ARM.Collect$$rtexit$$00000000  c_p.l(rtexit.o)
    0x08000178   0x08000178   0x00000000   Code   RO         1320    .ARM.Collect$$rtexit$$00000002  c_p.l(rtexit2.o)
    0x08000178   0x08000178   0x00000004   Code   RO         1321    .ARM.Collect$$rtexit$$00000003  c_p.l(rtexit2.o)
    0x0800017c   0x0800017c   0x00000006   Code   RO         1322    .ARM.Collect$$rtexit$$00000004  c_p.l(rtexit2.o)
    0x08000182   0x08000182   0x00000002   PAD
    0x08000184   0x08000184   0x00000038   Code   RO         1055    .emb_text           c_p.l(rt_memcpy.o)
    0x080001bc   0x080001bc   0x00000038   Code   RO            4    .text               startup_stm32l073xx.o
    0x080001f4   0x080001f4   0x00000040   Code   RO         1027    .text               c_p.l(noretval__2snprintf.o)
    0x08000234   0x08000234   0x0000010e   Code   RO         1039    .text               c_p.l(__printf_wp.o)
    0x08000342   0x08000342   0x00000082   Code   RO         1056    .text               c_p.l(rt_memcpy.o)
    0x080003c4   0x080003c4   0x00000012   Code   RO         1059    .text               c_p.l(aeabi_memset4.o)
    0x080003d6   0x080003d6   0x00000040   Code   RO         1061    .text               c_p.l(rt_memclr.o)
    0x08000416   0x08000416   0x00000002   PAD
    0x08000418   0x08000418   0x000001f8   Code   RO         1063    .text               c_p.l(aeabi_sdivfast.o)
    0x08000610   0x08000610   0x00000006   Code   RO         1071    .text               c_p.l(heapauxi.o)
    0x08000616   0x08000616   0x00000002   PAD
    0x08000618   0x08000618   0x0000007c   Code   RO         1075    .text               fz_ps.l(d2f.o)
    0x08000694   0x08000694   0x00000358   Code   RO         1077    .text               fz_ps.l(daddsub.o)
    0x080009ec   0x080009ec   0x00000448   Code   RO         1091    .text               fz_ps.l(ddiv.o)
    0x08000e34   0x08000e34   0x0000006c   Code   RO         1094    .text               fz_ps.l(dfixi.o)
    0x08000ea0   0x08000ea0   0x00000048   Code   RO         1096    .text               fz_ps.l(dfixui.o)
    0x08000ee8   0x08000ee8   0x00000058   Code   RO         1098    .text               fz_ps.l(dflti.o)
    0x08000f40   0x08000f40   0x00000248   Code   RO         1100    .text               fz_ps.l(dmul.o)
    0x08001188   0x08001188   0x00000054   Code   RO         1102    .text               fz_ps.l(f2d.o)
    0x080011dc   0x080011dc   0x00000160   Code   RO         1110    .text               fz_ps.l(fdiv.o)
    0x0800133c   0x0800133c   0x0000005e   Code   RO         1113    .text               fz_ps.l(fflti.o)
    0x0800139a   0x0800139a   0x00000002   PAD
    0x0800139c   0x0800139c   0x00000414   Code   RO         1129    .text               c_p.l(_printf_fp_dec.o)
    0x080017b0   0x080017b0   0x00000030   Code   RO         1133    .text               c_p.l(_printf_char_common.o)
    0x080017e0   0x080017e0   0x00000010   Code   RO         1135    .text               c_p.l(_snputc.o)
    0x080017f0   0x080017f0   0x00000008   Code   RO         1192    .text               c_p.l(rt_locale_intlibspace.o)
    0x080017f8   0x080017f8   0x0000007a   Code   RO         1199    .text               c_p.l(lludiv10.o)
    0x08001872   0x08001872   0x00000002   PAD
    0x08001874   0x08001874   0x00000088   Code   RO         1201    .text               c_p.l(_printf_fp_infnan.o)
    0x080018fc   0x080018fc   0x000000d8   Code   RO         1205    .text               c_p.l(bigflt0.o)
    0x080019d4   0x080019d4   0x00000580   Code   RO         1208    .text               c_p.l(btod.o)
    0x08001f54   0x08001f54   0x00000028   Code   RO         1217    .text               c_p.l(rtudiv10.o)
    0x08001f7c   0x08001f7c   0x000000a0   Code   RO         1219    .text               fz_ps.l(dcmpin.o)
    0x0800201c   0x0800201c   0x00000008   Code   RO         1225    .text               c_p.l(libspace.o)
    0x08002024   0x08002024   0x0000003e   Code   RO         1228    .text               c_p.l(sys_stackheap_outer.o)
    0x08002062   0x08002062   0x00000010   Code   RO         1233    .text               c_p.l(exit.o)
    0x08002072   0x08002072   0x00000002   PAD
    0x08002074   0x08002074   0x000000b0   Code   RO         1239    .text               c_p.l(strcmpv6m.o)
    0x08002124   0x08002124   0x0000002e   Code   RO         1294    .text               fz_ps.l(cmpret.o)
    0x08002152   0x08002152   0x00000002   PAD
    0x08002154   0x08002154   0x00000014   Code   RO         1296    .text               fz_ps.l(dnan2.o)
    0x08002168   0x08002168   0x0000005e   Code   RO         1313    .text               fz_ps.l(retnan.o)
    0x080021c6   0x080021c6   0x00000002   PAD
    0x080021c8   0x080021c8   0x0000000c   Code   RO         1315    .text               c_p.l(sys_exit.o)
    0x080021d4   0x080021d4   0x00000002   Code   RO         1342    .text               c_p.l(use_no_semi.o)
    0x080021d6   0x080021d6   0x00000000   Code   RO         1344    .text               c_p.l(indicate_semi.o)
    0x080021d6   0x080021d6   0x00000002   PAD
    0x080021d8   0x080021d8   0x00000224   Code   RO          927    .text.BMP180_GetPress  bmp180.o
    0x080023fc   0x080023fc   0x000000e4   Code   RO          923    .text.BMP180_GetTemp  bmp180.o
    0x080024e0   0x080024e0   0x00000078   Code   RO          931    .text.BMP180_Start  bmp180.o
    0x08002558   0x08002558   0x0000007c   Code   RO          925    .text.Get_UPress    bmp180.o
    0x080025d4   0x080025d4   0x00000024   Code   RO          259    .text.HAL_Delay     stm32l0xx_hal.o
    0x080025f8   0x080025f8   0x00000194   Code   RO          488    .text.HAL_GPIO_Init  stm32l0xx_hal_gpio.o
    0x0800278c   0x0800278c   0x0000000c   Code   RO          251    .text.HAL_GetTick   stm32l0xx_hal.o
    0x08002798   0x08002798   0x00000042   Code   RO          219    .text.HAL_I2CEx_ConfigAnalogFilter  stm32l0xx_hal_i2c_ex.o
    0x080027da   0x080027da   0x00000042   Code   RO          221    .text.HAL_I2CEx_ConfigDigitalFilter  stm32l0xx_hal_i2c_ex.o
    0x0800281c   0x0800281c   0x000000a8   Code   RO           65    .text.HAL_I2C_Init  stm32l0xx_hal_i2c.o
    0x080028c4   0x080028c4   0x00000174   Code   RO          141    .text.HAL_I2C_IsDeviceReady  stm32l0xx_hal_i2c.o
    0x08002a38   0x08002a38   0x0000018c   Code   RO           73    .text.HAL_I2C_Master_Transmit  stm32l0xx_hal_i2c.o
    0x08002bc4   0x08002bc4   0x0000022c   Code   RO          127    .text.HAL_I2C_Mem_Read  stm32l0xx_hal_i2c.o
    0x08002df0   0x08002df0   0x00000224   Code   RO          125    .text.HAL_I2C_Mem_Write  stm32l0xx_hal_i2c.o
    0x08003014   0x08003014   0x000000bc   Code   RO           49    .text.HAL_I2C_MspInit  stm32l0xx_hal_msp.o
    0x080030d0   0x080030d0   0x00000014   Code   RO          249    .text.HAL_IncTick   stm32l0xx_hal.o
    0x080030e4   0x080030e4   0x00000028   Code   RO          239    .text.HAL_Init      stm32l0xx_hal.o
    0x0800310c   0x0800310c   0x00000044   Code   RO          241    .text.HAL_InitTick  stm32l0xx_hal.o
    0x08003150   0x08003150   0x00000018   Code   RO           47    .text.HAL_MspInit   stm32l0xx_hal_msp.o
    0x08003168   0x08003168   0x00000038   Code   RO          608    .text.HAL_NVIC_SetPriority  stm32l0xx_hal_cortex.o
    0x080031a0   0x080031a0   0x0000023c   Code   RO          345    .text.HAL_RCCEx_PeriphCLKConfig  stm32l0xx_hal_rcc_ex.o
    0x080033dc   0x080033dc   0x00000240   Code   RO          317    .text.HAL_RCC_ClockConfig  stm32l0xx_hal_rcc.o
    0x0800361c   0x0800361c   0x00000590   Code   RO          313    .text.HAL_RCC_OscConfig  stm32l0xx_hal_rcc.o
    0x08003bac   0x08003bac   0x00000034   Code   RO          616    .text.HAL_SYSTICK_Config  stm32l0xx_hal_cortex.o
    0x08003be0   0x08003be0   0x0000005c   Code   RO          891    .text.HAL_TIMEx_MasterConfigSynchronization  stm32l0xx_hal_tim_ex.o
    0x08003c3c   0x08003c3c   0x000000c8   Code   RO          672    .text.HAL_TIM_Base_Init  stm32l0xx_hal_tim.o
    0x08003d04   0x08003d04   0x00000020   Code   RO           53    .text.HAL_TIM_Base_MspInit  stm32l0xx_hal_msp.o
    0x08003d24   0x08003d24   0x00000002   Code   RO           32    .text.HardFault_Handler  stm32l0xx_it.o
    0x08003d26   0x08003d26   0x00000002   PAD
    0x08003d28   0x08003d28   0x00000180   Code   RO          209    .text.I2C_IsErrorOccurred  stm32l0xx_hal_i2c.o
    0x08003ea8   0x08003ea8   0x000000de   Code   RO           75    .text.I2C_WaitOnFlagUntilTimeout  stm32l0xx_hal_i2c.o
    0x08003f86   0x08003f86   0x00000086   Code   RO           79    .text.I2C_WaitOnSTOPFlagUntilTimeout  stm32l0xx_hal_i2c.o
    0x0800400c   0x0800400c   0x000000a6   Code   RO           77    .text.I2C_WaitOnTXISFlagUntilTimeout  stm32l0xx_hal_i2c.o
    0x080040b2   0x080040b2   0x00000002   Code   RO           30    .text.NMI_Handler   stm32l0xx_it.o
    0x080040b4   0x080040b4   0x00000002   Code   RO           36    .text.PendSV_Handler  stm32l0xx_it.o
    0x080040b6   0x080040b6   0x00000002   PAD
    0x080040b8   0x080040b8   0x00000018   Code   RO          978    .text.SSD1306_Fill  ssd1306.o
    0x080040d0   0x080040d0   0x00000008   Code   RO          986    .text.SSD1306_GotoXY  ssd1306.o
    0x080040d8   0x080040d8   0x00000290   Code   RO          976    .text.SSD1306_Init  ssd1306.o
    0x08004368   0x08004368   0x000000ec   Code   RO          988    .text.SSD1306_Putc  ssd1306.o
    0x08004454   0x08004454   0x00000032   Code   RO          990    .text.SSD1306_Puts  ssd1306.o
    0x08004486   0x08004486   0x00000002   PAD
    0x08004488   0x08004488   0x0000009c   Code   RO          980    .text.SSD1306_UpdateScreen  ssd1306.o
    0x08004524   0x08004524   0x00000002   Code   RO           34    .text.SVC_Handler   stm32l0xx_it.o
    0x08004526   0x08004526   0x00000008   Code   RO           38    .text.SysTick_Handler  stm32l0xx_it.o
    0x0800452e   0x0800452e   0x00000002   Code   RO          903    .text.SystemInit    system_stm32l0xx.o
    0x08004530   0x08004530   0x0000016c   Code   RO           11    .text.getPress      main.o
    0x0800469c   0x0800469c   0x000001e8   Code   RO           13    .text.main          main.o
    0x08004884   0x08004884   0x000001f6   Code   RO         1064    .text_divfast       c_p.l(aeabi_sdivfast.o)
    0x08004a7a   0x08004a7a   0x00000030   Code   RO         1210    i.__ARM_common_ll_muluu  c_p.l(btod.o)
    0x08004aaa   0x08004aaa   0x00000002   PAD
    0x08004aac   0x08004aac   0x0000002c   Code   RO         1163    i.__ARM_fpclassify  m_ps.l(fpclassify.o)
    0x08004ad8   0x08004ad8   0x00000016   Code   RO         1080    i._dgeq             fz_ps.l(dcmp.o)
    0x08004aee   0x08004aee   0x0000001a   Code   RO         1082    i._dleq             fz_ps.l(dcmp.o)
    0x08004b08   0x08004b08   0x0000000e   Code   RO         1041    i._is_digit         c_p.l(__printf_wp.o)
    0x08004b16   0x08004b16   0x00000002   PAD
    0x08004b18   0x08004b18   0x0000002c   Code   RO         1215    locale$$code        c_p.l(lc_numeric_c.o)
    0x08004b44   0x08004b44   0x00000064   Code   RO         1140    x$fpl$dgeqf         fz_ps.l(dgef.o)
    0x08004ba8   0x08004ba8   0x00000064   Code   RO         1142    x$fpl$dleqf         fz_ps.l(dlef.o)
    0x08004c0c   0x08004c0c   0x0000008c   Code   RO         1104    x$fpl$fadd          fz_ps.l(faddsub.o)
    0x08004c98   0x08004c98   0x000000d0   Code   RO         1106    x$fpl$fsub          fz_ps.l(faddsub.o)
    0x08004d68   0x08004d68   0x00000010   Code   RO         1115    x$fpl$printf1       fz_ps.l(printf1.o)
    0x08004d78   0x08004d78   0x00000000   Code   RO         1148    x$fpl$usenofp       fz_ps.l(usenofp.o)
    0x08004d78   0x08004d78   0x00000080   Data   RO         1092    .constdata          fz_ps.l(ddiv.o)
    0x08004df8   0x08004df8   0x00000040   Data   RO         1111    .constdata          fz_ps.l(fdiv.o)
    0x08004e38   0x08004e38   0x00000094   Data   RO         1206    .constdata          c_p.l(bigflt0.o)
    0x08004ecc   0x08004ecc   0x00000010   Data   RO          908    .rodata.AHBPrescTable  system_stm32l0xx.o
    0x08004edc   0x08004edc   0x00000d5c   Data   RO          946    .rodata.Font11x18   fonts.o
    0x08005c38   0x08005c38   0x00000009   Data   RO          910    .rodata.PLLMulTable  system_stm32l0xx.o
    0x08005c41   0x08005c41   0x00000003   PAD
    0x08005c44   0x08005c44   0x00000020   Data   RO         1389    Region$$Table       anon$$obj.o
    0x08005c64   0x08005c64   0x0000001c   Data   RO         1214    locale$$data        c_p.l(lc_numeric_c.o)


    Execution Region RW_IRAM1 (Exec base: 0x20000000, Load base: 0x08005c80, Size: 0x00000bd0, Max: 0x00005000, ABSOLUTE)

    Exec Addr    Load Addr    Size         Type   Attr      Idx    E Section Name        Object

    0x20000000   0x08005c80   0x00000008   Data   RW          302    .data..L_MergedGlobals  stm32l0xx_hal.o
    0x20000008   0x08005c88   0x00000008   Data   RW          949    .data.Font_11x18    fonts.o
    0x20000010   0x08005c90   0x00000004   Data   RW          907    .data.SystemCoreClock  system_stm32l0xx.o
    0x20000014   0x08005c94   0x00000004   PAD
    0x20000018        -       0x00000060   Zero   RW         1226    .bss                c_p.l(libspace.o)
    0x20000078        -       0x00000058   Zero   RW           22    .bss..L_MergedGlobals  main.o
    0x200000d0        -       0x00000048   Zero   RW          934    .bss..L_MergedGlobals  bmp180.o
    0x20000118        -       0x00000006   Zero   RW         1015    .bss..L_MergedGlobals  ssd1306.o
    0x2000011e   0x08005c94   0x00000002   PAD
    0x20000120        -       0x00000400   Zero   RW         1014    .bss.SSD1306_Buffer  ssd1306.o
    0x20000520        -       0x00000054   Zero   RW           19    .bss.hi2c1          main.o
    0x20000574        -       0x00000054   Zero   RW           20    .bss.hi2c3          main.o
    0x200005c8        -       0x00000004   Zero   RW          301    .bss.uwTick         stm32l0xx_hal.o
    0x200005cc   0x08005c94   0x00000004   PAD
    0x200005d0        -       0x00000200   Zero   RW            2    HEAP                startup_stm32l073xx.o
    0x200007d0        -       0x00000400   Zero   RW            1    STACK               startup_stm32l073xx.o


==============================================================================

Image component sizes


      Code (inc. data)   RO Data    RW Data    ZI Data      Debug   Object Name

      1020         76          0          0         72       4397   bmp180.o
         0          0       3420          8          0       1245   fonts.o
       852        108          0          0        256       9143   main.o
      1130         28          0          0       1030      24411   ssd1306.o
        56         26        192          0       1536        608   startup_stm32l073xx.o
       176         24          0          8          4       6802   stm32l0xx_hal.o
       108         20          0          0          0       6652   stm32l0xx_hal_cortex.o
       404         16          0          0          0       5143   stm32l0xx_hal_gpio.o
      2946         80          0          0          0      62366   stm32l0xx_hal_i2c.o
       132          0          0          0          0       5425   stm32l0xx_hal_i2c_ex.o
       244         28          0          0          0       6782   stm32l0xx_hal_msp.o
      2000         96          0          0          0       9663   stm32l0xx_hal_rcc.o
       572          8          0          0          0       8550   stm32l0xx_hal_rcc_ex.o
       200         16          0          0          0      55144   stm32l0xx_hal_tim.o
        92          0          0          0          0       4384   stm32l0xx_hal_tim_ex.o
        16          0          0          0          0        695   stm32l0xx_it.o
         2          0         25          4          0       2146   system_stm32l0xx.o

    ----------------------------------------------------------------------
      9956        526       3672         20       2908     213556   Object Totals
         0          0         32          0          0          0   (incl. Generated)
         6          0          3          0         10          0   (incl. Padding)

    ----------------------------------------------------------------------

      Code (inc. data)   RO Data    RW Data    ZI Data      Debug   Library Member Name

         8          0          0          0          0         68   __main.o
       284          0          0          0          0        136   __printf_wp.o
         0          0          0          0          0          0   __rtentry.o
        12          0          0          0          0          0   __rtentry2.o
         6          0          0          0          0          0   __rtentry4.o
        60          8          0          0          0          0   __scatter.o
        26          0          0          0          0          0   __scatter_copy.o
        28          0          0          0          0          0   __scatter_zi.o
        48          6          0          0          0         88   _printf_char_common.o
        10          0          0          0          0          0   _printf_f.o
      1044         12          0          0          0        116   _printf_fp_dec.o
       136         16          0          0          0         76   _printf_fp_infnan.o
         2          0          0          0          0          0   _printf_percent.o
         4          0          0          0          0          0   _printf_percent_end.o
        16          0          0          0          0         60   _snputc.o
        18          0          0          0          0         68   aeabi_memset4.o
      1006          4          0          0          0        184   aeabi_sdivfast.o
       216          6        148          0          0         80   bigflt0.o
      1456         30          0          0          0        336   btod.o
        16          0          0          0          0         68   exit.o
         6          0          0          0          0        136   heapauxi.o
         0          0          0          0          0          0   indicate_semi.o
        44         10         28          0          0         76   lc_numeric_c.o
         2          0          0          0          0          0   libinit.o
        18          0          0          0          0          0   libinit2.o
         2          0          0          0          0          0   libshutdown.o
         2          0          0          0          0          0   libshutdown2.o
         8          4          0          0         96         68   libspace.o
       122          0          0          0          0         72   lludiv10.o
        64          4          0          0          0         84   noretval__2snprintf.o
         8          4          0          0          0         68   rt_locale_intlibspace.o
        64          0          0          0          0        108   rt_memclr.o
       186          0          0          0          0        144   rt_memcpy.o
         2          0          0          0          0          0   rtexit.o
        10          0          0          0          0          0   rtexit2.o
        40          0          0          0          0         60   rtudiv10.o
       176          4          0          0          0         80   strcmpv6m.o
        12          4          0          0          0         60   sys_exit.o
        62          0          0          0          0         80   sys_stackheap_outer.o
         2          0          0          0          0         68   use_no_semi.o
        46          0          0          0          0         60   cmpret.o
       124          4          0          0          0         72   d2f.o
       856         20          0          0          0        208   daddsub.o
        48          0          0          0          0        136   dcmp.o
       160          6          0          0          0         76   dcmpin.o
      1096         26        128          0          0        112   ddiv.o
       108         10          0          0          0         72   dfixi.o
        72          4          0          0          0         68   dfixui.o
        88          0          0          0          0         92   dflti.o
       100          4          0          0          0         92   dgef.o
       100          4          0          0          0         92   dlef.o
       584         26          0          0          0         84   dmul.o
        20          6          0          0          0         68   dnan2.o
        84          4          0          0          0         60   f2d.o
       348          8          0          0          0        160   faddsub.o
       352         10         64          0          0         92   fdiv.o
        94          0          0          0          0         92   fflti.o
        16          4          0          0          0         76   printf1.o
        94          0          0          0          0         68   retnan.o
         0          0          0          0          0          0   usenofp.o
        44          4          0          0          0         60   fpclassify.o

    ----------------------------------------------------------------------
      9684        252        368          0         96       4224   Library Totals
        24          0          0          0          0          0   (incl. Padding)

    ----------------------------------------------------------------------

      Code (inc. data)   RO Data    RW Data    ZI Data      Debug   Library Name

      5226        112        176          0         96       2384   c_p.l
      4390        136        192          0          0       1780   fz_ps.l
        44          4          0          0          0         60   m_ps.l

    ----------------------------------------------------------------------
      9684        252        368          0         96       4224   Library Totals

    ----------------------------------------------------------------------

==============================================================================


      Code (inc. data)   RO Data    RW Data    ZI Data      Debug   

     19640        778       4040         20       3004     215428   Grand Totals
     19640        778       4040         20       3004     215428   ELF Image Totals
     19640        778       4040         20          0          0   ROM Totals

==============================================================================

    Total RO  Size (Code + RO Data)                23680 (  23.12kB)
    Total RW  Size (RW Data + ZI Data)              3024 (   2.95kB)
    Total ROM Size (Code + RO Data + RW Data)      23700 (  23.14kB)

==============================================================================

